
Optional file libmchp_peripheral.a not found

Optional file libmchp_peripheral_32MX795F512L.a not found
Archive member included because of file (symbol)

c:/program files (x86)/microchip/xc32/v1.40/bin/bin/../../lib/gcc/pic32mx/4.8.3/../../../../pic32mx/lib\libpic32.a(memcpy.o)
                              build/default/debug/_ext/184327166/queue.o (memcpy)
c:/program files (x86)/microchip/xc32/v1.40/bin/bin/../../lib/gcc/pic32mx/4.8.3/../../../../pic32mx/lib\libpic32.a(memset.o)
                              build/default/debug/_ext/184327166/tasks.o (memset)
c:/program files (x86)/microchip/xc32/v1.40/bin/bin/../../lib/gcc/pic32mx/4.8.3/../../../../pic32mx/lib\libpic32.a(default-bootstrap-exception-handler.o)
                              c:/program files (x86)/microchip/xc32/v1.40/bin/bin/../../lib/gcc/pic32mx/4.8.3/../../../../pic32mx/lib/./proc/32MX795F512L/crt0_mips32r2.o (_bootstrap_exception_handler)
c:/program files (x86)/microchip/xc32/v1.40/bin/bin/../../lib/gcc/pic32mx/4.8.3/../../../../pic32mx/lib\libpic32.a(default-on-reset.o)
                              c:/program files (x86)/microchip/xc32/v1.40/bin/bin/../../lib/gcc/pic32mx/4.8.3/../../../../pic32mx/lib/./proc/32MX795F512L/crt0_mips32r2.o (_on_reset)
c:/program files (x86)/microchip/xc32/v1.40/bin/bin/../../lib/gcc/pic32mx/4.8.3/../../../../pic32mx/lib\libpic32.a(default-on-bootstrap.o)
                              c:/program files (x86)/microchip/xc32/v1.40/bin/bin/../../lib/gcc/pic32mx/4.8.3/../../../../pic32mx/lib/./proc/32MX795F512L/crt0_mips32r2.o (_on_bootstrap)
c:/program files (x86)/microchip/xc32/v1.40/bin/bin/../../lib/gcc/pic32mx/4.8.3/../../../../pic32mx/lib\libpic32.a(default-nmi-handler.o)
                              c:/program files (x86)/microchip/xc32/v1.40/bin/bin/../../lib/gcc/pic32mx/4.8.3/../../../../pic32mx/lib/./proc/32MX795F512L/crt0_mips32r2.o (_nmi_handler)
c:/program files (x86)/microchip/xc32/v1.40/bin/bin/../../lib/gcc/pic32mx/4.8.3/../../../../pic32mx/lib\libpic32.a(general-exception.o)
                              c:/program files (x86)/microchip/xc32/v1.40/bin/bin/../../lib/gcc/pic32mx/4.8.3/../../../../pic32mx/lib/./proc/32MX795F512L/crt0_mips32r2.o (_general_exception_context)
c:/program files (x86)/microchip/xc32/v1.40/bin/bin/../../lib/gcc/pic32mx/4.8.3/../../../../pic32mx/lib\libpic32.a(vector0.o)
                              c:/program files (x86)/microchip/xc32/v1.40/bin/bin/../../lib/gcc/pic32mx/4.8.3/../../../../pic32mx/lib/./proc/32MX795F512L\default_isr_vectors.o (__vector_dispatch_0)
c:/program files (x86)/microchip/xc32/v1.40/bin/bin/../../lib/gcc/pic32mx/4.8.3/../../../../pic32mx/lib\libpic32.a(vector2.o)
                              c:/program files (x86)/microchip/xc32/v1.40/bin/bin/../../lib/gcc/pic32mx/4.8.3/../../../../pic32mx/lib/./proc/32MX795F512L\default_isr_vectors.o (__vector_dispatch_2)
c:/program files (x86)/microchip/xc32/v1.40/bin/bin/../../lib/gcc/pic32mx/4.8.3/../../../../pic32mx/lib\libpic32.a(vector3.o)
                              c:/program files (x86)/microchip/xc32/v1.40/bin/bin/../../lib/gcc/pic32mx/4.8.3/../../../../pic32mx/lib/./proc/32MX795F512L\default_isr_vectors.o (__vector_dispatch_3)
c:/program files (x86)/microchip/xc32/v1.40/bin/bin/../../lib/gcc/pic32mx/4.8.3/../../../../pic32mx/lib\libpic32.a(vector5.o)
                              c:/program files (x86)/microchip/xc32/v1.40/bin/bin/../../lib/gcc/pic32mx/4.8.3/../../../../pic32mx/lib/./proc/32MX795F512L\default_isr_vectors.o (__vector_dispatch_5)
c:/program files (x86)/microchip/xc32/v1.40/bin/bin/../../lib/gcc/pic32mx/4.8.3/../../../../pic32mx/lib\libpic32.a(vector6.o)
                              c:/program files (x86)/microchip/xc32/v1.40/bin/bin/../../lib/gcc/pic32mx/4.8.3/../../../../pic32mx/lib/./proc/32MX795F512L\default_isr_vectors.o (__vector_dispatch_6)
c:/program files (x86)/microchip/xc32/v1.40/bin/bin/../../lib/gcc/pic32mx/4.8.3/../../../../pic32mx/lib\libpic32.a(vector7.o)
                              c:/program files (x86)/microchip/xc32/v1.40/bin/bin/../../lib/gcc/pic32mx/4.8.3/../../../../pic32mx/lib/./proc/32MX795F512L\default_isr_vectors.o (__vector_dispatch_7)
c:/program files (x86)/microchip/xc32/v1.40/bin/bin/../../lib/gcc/pic32mx/4.8.3/../../../../pic32mx/lib\libpic32.a(vector8.o)
                              c:/program files (x86)/microchip/xc32/v1.40/bin/bin/../../lib/gcc/pic32mx/4.8.3/../../../../pic32mx/lib/./proc/32MX795F512L\default_isr_vectors.o (__vector_dispatch_8)
c:/program files (x86)/microchip/xc32/v1.40/bin/bin/../../lib/gcc/pic32mx/4.8.3/../../../../pic32mx/lib\libpic32.a(vector9.o)
                              c:/program files (x86)/microchip/xc32/v1.40/bin/bin/../../lib/gcc/pic32mx/4.8.3/../../../../pic32mx/lib/./proc/32MX795F512L\default_isr_vectors.o (__vector_dispatch_9)
c:/program files (x86)/microchip/xc32/v1.40/bin/bin/../../lib/gcc/pic32mx/4.8.3/../../../../pic32mx/lib\libpic32.a(vector10.o)
[...]
Memory Configuration

Name             Origin             Length             Attributes
kseg0_data_mem   0x80000000         0x00000200
kseg1_data_mem   0xa0000000         0x00020000         w !x
kseg0_boot_mem   0x9fc00490         0x00000970
kseg1_boot_mem   0xbfc00000         0x00000490
kseg0_program_mem 0x9d000000         0x00080000         xr
exception_mem    0x9fc01000         0x00001000
debug_exec_mem   0xbfc02000         0x00000ff0
config3          0xbfc02ff0         0x00000004
config2          0xbfc02ff4         0x00000004
config1          0xbfc02ff8         0x00000004
config0          0xbfc02ffc         0x00000004
sfrs             0xbf800000         0x00100000
configsfrs       0xbfc02ff0         0x00000010
*default*        0x00000000         0xffffffff

Linker script and memory map


reserve_data_0_kseg0
                0x80000000      0x200
                0x80000000        0x2 SHORT 0x0
                0x000001fd                . = 0x1fd
 *fill*         0x80000002      0x1fb 
                0x80000200                . = ALIGN (0x4)
 *fill*         0x800001fd        0x3 

reserve_data_0_kseg1
                0xa0000000      0x200
                0xa0000000        0x2 SHORT 0x0
                0x000001fd                . = 0x1fd
 *fill*         0xa0000002      0x1fb 
                0xa0000200                . = ALIGN (0x4)
 *fill*         0xa00001fd        0x3 

reserve_boot_0x1fc02000_kseg0
                0x9fc02000      0xff0
                0x9fc02000        0x2 SHORT 0x0
                0x00000500                . = 0x500
 *fill*         0x9fc02002      0x4fe 
                0x9fc02500                . = ALIGN (0x4)
                0x9fc02500        0x2 SHORT 0x0
                0x00000ff0                . = 0xff0
 *fill*         0x9fc02502      0xaee 
                0x9fc02ff0                . = ALIGN (0x4)

reserve_boot_0x1fc02000_kseg1
                0xbfc02000      0xff0
                0xbfc02000        0x2 SHORT 0x0
                0x00000500                . = 0x500
 *fill*         0xbfc02002      0x4fe 
                0xbfc02500                . = ALIGN (0x4)
                0xbfc02500        0x2 SHORT 0x0
                0x00000ff0                . = 0xff0
 *fill*         0xbfc02502      0xaee 
                0xbfc02ff0                . = ALIGN (0x4)
LOAD c:/program files (x86)/microchip/xc32/v1.40/bin/bin/../../lib/gcc/pic32mx/4.8.3/../../../../pic32mx/lib/./proc/32MX795F512L/crt0_mips32r2.o
LOAD c:/program files (x86)/microchip/xc32/v1.40/bin/bin/../../lib/gcc/pic32mx/4.8.3/../../../../pic32mx/lib\software-debug-break.o
LOAD build/default/debug/_ext/1360937237/app.o
LOAD build/default/debug/_ext/1360937237/main.o
LOAD build/default/debug/_ext/1360937237/debug.o
LOAD build/default/debug/_ext/1360937237/timer.o
LOAD build/default/debug/_ext/1879384925/osal_freertos.o
LOAD build/default/debug/_ext/351848739/sys_devcon.o
LOAD build/default/debug/_ext/351848739/sys_devcon_pic32mx.o
LOAD build/default/debug/_ext/474818461/sys_int_pic32.o
LOAD build/default/debug/_ext/1139950406/sys_ports.o
LOAD build/default/debug/_ext/184327166/croutine.o
LOAD build/default/debug/_ext/184327166/list.o
LOAD build/default/debug/_ext/184327166/queue.o
LOAD build/default/debug/_ext/184327166/tasks.o
LOAD build/default/debug/_ext/184327166/timers.o
LOAD build/default/debug/_ext/184327166/event_groups.o
LOAD build/default/debug/_ext/1818123999/heap_1.o
LOAD build/default/debug/_ext/1062886388/port.o
LOAD build/default/debug/_ext/1062886388/port_asm.o
LOAD build/default/debug/_ext/1345626252/drv_usart_static.o
LOAD build/default/debug/_ext/639803181/sys_clk_static.o
LOAD build/default/debug/_ext/822048611/sys_ports_static.o
LOAD build/default/debug/_ext/1688732426/system_init.o
LOAD build/default/debug/_ext/1688732426/system_interrupt.o
LOAD build/default/debug/_ext/1688732426/system_exceptions.o
LOAD build/default/debug/_ext/1688732426/system_tasks.o
LOAD build/default/debug/_ext/1688732426/system_interrupt_a.o
LOAD build/default/debug/_ext/1688732426/rtos_hooks.o
LOAD ..\..\..\..\microchip\harmony\v1_05\bin\framework\peripheral\PIC32MX795F512L_peripherals.a
                0x00000001                __MPLAB_BUILD = 0x1
                0x00000001                __MPLAB_DEBUG = 0x1
                0x00000001                __DEBUG = 0x1
                0x00000001                __MPLAB_DEBUGGER_PK3 = 0x1
                0x00000000                _min_heap_size = 0x0
LOAD c:/program files (x86)/microchip/xc32/v1.40/bin/bin/../../lib/gcc/pic32mx/4.8.3/../../../../pic32mx/lib/./proc/32MX795F512L\default_isr_vectors.o
LOAD c:/program files (x86)/microchip/xc32/v1.40/bin/bin/../../lib/gcc/pic32mx/4.8.3/../../../../pic32mx/lib\pic32_software_reset.o
                0x00000400                PROVIDE (_min_stack_size, 0x400)
LOAD c:/program files (x86)/microchip/xc32/v1.40/bin/bin/../../lib/gcc/pic32mx/4.8.3/../../../../pic32mx/lib/./proc/32MX795F512L\processor.o
START GROUP
LOAD libmchp_peripheral.a
END GROUP
START GROUP
LOAD libmchp_peripheral_32MX795F512L.a
END GROUP
                0x00000001                PROVIDE (_vector_spacing, 0x1)
                0x9fc01000                _ebase_address = 0x9fc01000
                0xbfc00000                _RESET_ADDR = 0xbfc00000
                0xbfc00380                _BEV_EXCPT_ADDR = 0xbfc00380
                0xbfc00480                _DBG_EXCPT_ADDR = 0xbfc00480
                0xbfc02000                _DBG_CODE_ADDR = 0xbfc02000
                0x00000ff0                _DBG_CODE_SIZE = 0xff0
                0x9fc01180                _GEN_EXCPT_ADDR = (_ebase_address + 0x180)

.config_BFC02FF0
                0xbfc02ff0        0x4
 *(.config_BFC02FF0)
 .config_BFC02FF0
                0xbfc02ff0        0x4 build/default/debug/_ext/1688732426/system_init.o

.config_BFC02FF4
                0xbfc02ff4        0x4
 *(.config_BFC02FF4)
 .config_BFC02FF4
                0xbfc02ff4        0x4 build/default/debug/_ext/1688732426/system_init.o

.config_BFC02FF8
                0xbfc02ff8        0x4
 *(.config_BFC02FF8)
 .config_BFC02FF8
                0xbfc02ff8        0x4 build/default/debug/_ext/1688732426/system_init.o

.config_BFC02FFC
                0xbfc02ffc        0x4
 *(.config_BFC02FFC)
 .config_BFC02FFC
                0xbfc02ffc        0x4 build/default/debug/_ext/1688732426/system_init.o
                0xbfc02000                PROVIDE (_DBG_CODE_ADDR, 0xbfc02000)
                0x00000ff0                PROVIDE (_DBG_CODE_SIZE, 0xff0)

.reset          0xbfc00000      0x1f4
 *(.reset)
 .reset         0xbfc00000        0x8 c:/program files (x86)/microchip/xc32/v1.40/bin/bin/../../lib/gcc/pic32mx/4.8.3/../../../../pic32mx/lib/./proc/32MX795F512L/crt0_mips32r2.o
                0xbfc00000                _reset
 *(.reset.startup)
 .reset.startup
                0xbfc00008      0x1ec c:/program files (x86)/microchip/xc32/v1.40/bin/bin/../../lib/gcc/pic32mx/4.8.3/../../../../pic32mx/lib/./proc/32MX795F512L/crt0_mips32r2.o

.bev_excpt      0xbfc00380       0x10
 *(.bev_handler)
 .bev_handler   0xbfc00380       0x10 c:/program files (x86)/microchip/xc32/v1.40/bin/bin/../../lib/gcc/pic32mx/4.8.3/../../../../pic32mx/lib/./proc/32MX795F512L/crt0_mips32r2.o

.dbg_excpt      0xbfc00480        0x0
                0xbfc00480                . = (. + DEFINED (_DEBUGGER)?0x8:0x0)

.dbg_code       0xbfc02000        0x0
                0xbfc02000                . = (. + DEFINED (_DEBUGGER)?_DBG_CODE_SIZE:0x0)

.app_excpt      0x9fc01180       0x10
 *(.gen_handler)
 .gen_handler   0x9fc01180       0x10 c:/program files (x86)/microchip/xc32/v1.40/bin/bin/../../lib/gcc/pic32mx/4.8.3/../../../../pic32mx/lib/./proc/32MX795F512L/crt0_mips32r2.o

.vector_0       0x9fc01200        0x8
 *(.vector_0)
 .vector_0      0x9fc01200        0x8 c:/program files (x86)/microchip/xc32/v1.40/bin/bin/../../lib/gcc/pic32mx/4.8.3/../../../../pic32mx/lib\libpic32.a(vector0.o)
                0x9fc01200                __vector_dispatch_0
                0x00000001                ASSERT (((_vector_spacing == 0x0) || (SIZEOF (.vector_0) <= (_vector_spacing << 0x5))), function at exception vector 0 too large)

.vector_1       0x9fc01220        0x8
 *(.vector_1)
 .vector_1      0x9fc01220        0x8 build/default/debug/_ext/1062886388/port.o
                0x9fc01220                __vector_dispatch_1
                0x00000001                ASSERT (((_vector_spacing == 0x0) || (SIZEOF (.vector_1) <= (_vector_spacing << 0x5))), function at exception vector 1 too large)

.vector_2       0x9fc01240        0x8
 *(.vector_2)
 .vector_2      0x9fc01240        0x8 c:/program files (x86)/microchip/xc32/v1.40/bin/bin/../../lib/gcc/pic32mx/4.8.3/../../../../pic32mx/lib\libpic32.a(vector2.o)
                0x9fc01240                __vector_dispatch_2
                0x00000001                ASSERT (((_vector_spacing == 0x0) || (SIZEOF (.vector_2) <= (_vector_spacing << 0x5))), function at exception vector 2 too large)

.vector_3       0x9fc01260        0x8
 *(.vector_3)
 .vector_3      0x9fc01260        0x8 c:/program files (x86)/microchip/xc32/v1.40/bin/bin/../../lib/gcc/pic32mx/4.8.3/../../../../pic32mx/lib\libpic32.a(vector3.o)
                0x9fc01260                __vector_dispatch_3
                0x00000001                ASSERT (((_vector_spacing == 0x0) || (SIZEOF (.vector_3) <= (_vector_spacing << 0x5))), function at exception vector 3 too large)

.vector_4       0x9fc01280        0x8
 *(.vector_4)
 .vector_4      0x9fc01280        0x8 build/default/debug/_ext/1062886388/port.o
                0x9fc01280                __vector_dispatch_4
                0x00000001                ASSERT (((_vector_spacing == 0x0) || (SIZEOF (.vector_4) <= (_vector_spacing << 0x5))), function at exception vector 4 too large)

.vector_5       0x9fc012a0        0x8
 *(.vector_5)
 .vector_5      0x9fc012a0        0x8 c:/program files (x86)/microchip/xc32/v1.40/bin/bin/../../lib/gcc/pic32mx/4.8.3/../../../../pic32mx/lib\libpic32.a(vector5.o)
                0x9fc012a0                __vector_dispatch_5
                0x00000001                ASSERT (((_vector_spacing == 0x0) || (SIZEOF (.vector_5) <= (_vector_spacing << 0x5))), function at exception vector 5 too large)

.vector_6       0x9fc012c0        0x8
 *(.vector_6)
 .vector_6      0x9fc012c0        0x8 c:/program files (x86)/microchip/xc32/v1.40/bin/bin/../../lib/gcc/pic32mx/4.8.3/../../../../pic32mx/lib\libpic32.a(vector6.o)
                0x9fc012c0                __vector_dispatch_6
                0x00000001                ASSERT (((_vector_spacing == 0x0) || (SIZEOF (.vector_6) <= (_vector_spacing << 0x5))), function at exception vector 6 too large)

.vector_7       0x9fc012e0        0x8
 *(.vector_7)
 .vector_7      0x9fc012e0        0x8 c:/program files (x86)/microchip/xc32/v1.40/bin/bin/../../lib/gcc/pic32mx/4.8.3/../../../../pic32mx/lib\libpic32.a(vector7.o)
                0x9fc012e0                __vector_dispatch_7
                0x00000001                ASSERT (((_vector_spacing == 0x0) || (SIZEOF (.vector_7) <= (_vector_spacing << 0x5))), function at exception vector 7 too large)

.vector_8       0x9fc01300        0x8
 *(.vector_8)
 .vector_8      0x9fc01300        0x8 c:/program files (x86)/microchip/xc32/v1.40/bin/bin/../../lib/gcc/pic32mx/4.8.3/../../../../pic32mx/lib\libpic32.a(vector8.o)
                0x9fc01300                __vector_dispatch_8
                0x00000001                ASSERT (((_vector_spacing == 0x0) || (SIZEOF (.vector_8) <= (_vector_spacing << 0x5))), function at exception vector 8 too large)

.vector_9       0x9fc01320        0x8
 *(.vector_9)
 .vector_9      0x9fc01320        0x8 c:/program files (x86)/microchip/xc32/v1.40/bin/bin/../../lib/gcc/pic32mx/4.8.3/../../../../pic32mx/lib\libpic32.a(vector9.o)
                0x9fc01320                __vector_dispatch_9
                0x00000001                ASSERT (((_vector_spacing == 0x0) || (SIZEOF (.vector_9) <= (_vector_spacing << 0x5))), function at exception vector 9 too large)

.vector_10      0x9fc01340        0x8
 *(.vector_10)
 .vector_10     0x9fc01340        0x8 c:/program files (x86)/microchip/xc32/v1.40/bin/bin/../../lib/gcc/pic32mx/4.8.3/../../../../pic32mx/lib\libpic32.a(vector10.o)
                0x9fc01340                __vector_dispatch_10
                0x00000001                ASSERT (((_vector_spacing == 0x0) || (SIZEOF (.vector_10) <= (_vector_spacing << 0x5))), function at exception vector 10 too large)

.vector_11      0x9fc01360        0x8
 *(.vector_11)
 .vector_11     0x9fc01360        0x8 c:/program files (x86)/microchip/xc32/v1.40/bin/bin/../../lib/gcc/pic32mx/4.8.3/../../../../pic32mx/lib\libpic32.a(vector11.o)
                0x9fc01360                __vector_dispatch_11
                0x00000001                ASSERT (((_vector_spacing == 0x0) || (SIZEOF (.vector_11) <= (_vector_spacing << 0x5))), function at exception vector 11 too large)

.vector_12      0x9fc01380        0x8
 *(.vector_12)
 .vector_12     0x9fc01380        0x8 c:/program files (x86)/microchip/xc32/v1.40/bin/bin/../../lib/gcc/pic32mx/4.8.3/../../../../pic32mx/lib\libpic32.a(vector12.o)
                0x9fc01380                __vector_dispatch_12
                0x00000001                ASSERT (((_vector_spacing == 0x0) || (SIZEOF (.vector_12) <= (_vector_spacing << 0x5))), function at exception vector 12 too large)

.vector_13      0x9fc013a0        0x8
 *(.vector_13)
 .vector_13     0x9fc013a0        0x8 c:/program files (x86)/microchip/xc32/v1.40/bin/bin/../../lib/gcc/pic32mx/4.8.3/../../../../pic32mx/lib\libpic32.a(vector13.o)
                0x9fc013a0                __vector_dispatch_13
                0x00000001                ASSERT (((_vector_spacing == 0x0) || (SIZEOF (.vector_13) <= (_vector_spacing << 0x5))), function at exception vector 13 too large)

.vector_14      0x9fc013c0        0x8
 *(.vector_14)
 .vector_14     0x9fc013c0        0x8 c:/program files (x86)/microchip/xc32/v1.40/bin/bin/../../lib/gcc/pic32mx/4.8.3/../../../../pic32mx/lib\libpic32.a(vector14.o)
                0x9fc013c0                __vector_dispatch_14
                0x00000001                ASSERT (((_vector_spacing == 0x0) || (SIZEOF (.vector_14) <= (_vector_spacing << 0x5))), function at exception vector 14 too large)

.vector_15      0x9fc013e0        0x8
 *(.vector_15)
 .vector_15     0x9fc013e0        0x8 c:/program files (x86)/microchip/xc32/v1.40/bin/bin/../../lib/gcc/pic32mx/4.8.3/../../../../pic32mx/lib\libpic32.a(vector15.o)
                0x9fc013e0                __vector_dispatch_15
                0x00000001                ASSERT (((_vector_spacing == 0x0) || (SIZEOF (.vector_15) <= (_vector_spacing << 0x5))), function at exception vector 15 too large)

.vector_16      0x9fc01400        0x8
 *(.vector_16)
 .vector_16     0x9fc01400        0x8 c:/program files (x86)/microchip/xc32/v1.40/bin/bin/../../lib/gcc/pic32mx/4.8.3/../../../../pic32mx/lib\libpic32.a(vector16.o)
                0x9fc01400                __vector_dispatch_16
                0x00000001                ASSERT (((_vector_spacing == 0x0) || (SIZEOF (.vector_16) <= (_vector_spacing << 0x5))), function at exception vector 16 too large)

.vector_17      0x9fc01420        0x8
 *(.vector_17)
 .vector_17     0x9fc01420        0x8 c:/program files (x86)/microchip/xc32/v1.40/bin/bin/../../lib/gcc/pic32mx/4.8.3/../../../../pic32mx/lib\libpic32.a(vector17.o)
                0x9fc01420                __vector_dispatch_17
                0x00000001                ASSERT (((_vector_spacing == 0x0) || (SIZEOF (.vector_17) <= (_vector_spacing << 0x5))), function at exception vector 17 too large)

.vector_18      0x9fc01440        0x8
 *(.vector_18)
 .vector_18     0x9fc01440        0x8 c:/program files (x86)/microchip/xc32/v1.40/bin/bin/../../lib/gcc/pic32mx/4.8.3/../../../../pic32mx/lib\libpic32.a(vector18.o)
                0x9fc01440                __vector_dispatch_18
                0x00000001                ASSERT (((_vector_spacing == 0x0) || (SIZEOF (.vector_18) <= (_vector_spacing << 0x5))), function at exception vector 18 too large)

.vector_19      0x9fc01460        0x8
 *(.vector_19)
 .vector_19     0x9fc01460        0x8 c:/program files (x86)/microchip/xc32/v1.40/bin/bin/../../lib/gcc/pic32mx/4.8.3/../../../../pic32mx/lib\libpic32.a(vector19.o)
                0x9fc01460                __vector_dispatch_19
                0x00000001                ASSERT (((_vector_spacing == 0x0) || (SIZEOF (.vector_19) <= (_vector_spacing << 0x5))), function at exception vector 19 too large)

.vector_20      0x9fc01480        0x8
 *(.vector_20)
 .vector_20     0x9fc01480        0x8 c:/program files (x86)/microchip/xc32/v1.40/bin/bin/../../lib/gcc/pic32mx/4.8.3/../../../../pic32mx/lib\libpic32.a(vector20.o)
                0x9fc01480                __vector_dispatch_20
                0x00000001                ASSERT (((_vector_spacing == 0x0) || (SIZEOF (.vector_20) <= (_vector_spacing << 0x5))), function at exception vector 20 too large)

.vector_21      0x9fc014a0        0x8
 *(.vector_21)
 .vector_21     0x9fc014a0        0x8 c:/program files (x86)/microchip/xc32/v1.40/bin/bin/../../lib/gcc/pic32mx/4.8.3/../../../../pic32mx/lib\libpic32.a(vector21.o)
                0x9fc014a0                __vector_dispatch_21
                0x00000001                ASSERT (((_vector_spacing == 0x0) || (SIZEOF (.vector_21) <= (_vector_spacing << 0x5))), function at exception vector 21 too large)

.vector_22      0x9fc014c0        0x8
 *(.vector_22)
 .vector_22     0x9fc014c0        0x8 c:/program files (x86)/microchip/xc32/v1.40/bin/bin/../../lib/gcc/pic32mx/4.8.3/../../../../pic32mx/lib\libpic32.a(vector22.o)
                0x9fc014c0                __vector_dispatch_22
                0x00000001                ASSERT (((_vector_spacing == 0x0) || (SIZEOF (.vector_22) <= (_vector_spacing << 0x5))), function at exception vector 22 too large)

.vector_23      0x9fc014e0        0x8
 *(.vector_23)
 .vector_23     0x9fc014e0        0x8 c:/program files (x86)/microchip/xc32/v1.40/bin/bin/../../lib/gcc/pic32mx/4.8.3/../../../../pic32mx/lib\libpic32.a(vector23.o)
                0x9fc014e0                __vector_dispatch_23
                0x00000001                ASSERT (((_vector_spacing == 0x0) || (SIZEOF (.vector_23) <= (_vector_spacing << 0x5))), function at exception vector 23 too large)

.vector_24      0x9fc01500        0x8
 *(.vector_24)
 .vector_24     0x9fc01500        0x8 c:/program files (x86)/microchip/xc32/v1.40/bin/bin/../../lib/gcc/pic32mx/4.8.3/../../../../pic32mx/lib\libpic32.a(vector24.o)
                0x9fc01500                __vector_dispatch_24
                0x00000001                ASSERT (((_vector_spacing == 0x0) || (SIZEOF (.vector_24) <= (_vector_spacing << 0x5))), function at exception vector 24 too large)

.vector_25      0x9fc01520        0x8
 *(.vector_25)
 .vector_25     0x9fc01520        0x8 c:/program files (x86)/microchip/xc32/v1.40/bin/bin/../../lib/gcc/pic32mx/4.8.3/../../../../pic32mx/lib\libpic32.a(vector25.o)
                0x9fc01520                __vector_dispatch_25
                0x00000001                ASSERT (((_vector_spacing == 0x0) || (SIZEOF (.vector_25) <= (_vector_spacing << 0x5))), function at exception vector 25 too large)

.vector_26      0x9fc01540        0x8
 *(.vector_26)
 .vector_26     0x9fc01540        0x8 c:/program files (x86)/microchip/xc32/v1.40/bin/bin/../../lib/gcc/pic32mx/4.8.3/../../../../pic32mx/lib\libpic32.a(vector26.o)
                0x9fc01540                __vector_dispatch_26
                0x00000001                ASSERT (((_vector_spacing == 0x0) || (SIZEOF (.vector_26) <= (_vector_spacing << 0x5))), function at exception vector 26 too large)

.vector_27      0x9fc01560        0x8
 *(.vector_27)
 .vector_27     0x9fc01560        0x8 c:/program files (x86)/microchip/xc32/v1.40/bin/bin/../../lib/gcc/pic32mx/4.8.3/../../../../pic32mx/lib\libpic32.a(vector27.o)
                0x9fc01560                __vector_dispatch_27
                0x00000001                ASSERT (((_vector_spacing == 0x0) || (SIZEOF (.vector_27) <= (_vector_spacing << 0x5))), function at exception vector 27 too large)

.vector_28      0x9fc01580        0x8
 *(.vector_28)
 .vector_28     0x9fc01580        0x8 c:/program files (x86)/microchip/xc32/v1.40/bin/bin/../../lib/gcc/pic32mx/4.8.3/../../../../pic32mx/lib\libpic32.a(vector28.o)
                0x9fc01580                __vector_dispatch_28
                0x00000001                ASSERT (((_vector_spacing == 0x0) || (SIZEOF (.vector_28) <= (_vector_spacing << 0x5))), function at exception vector 28 too large)

.vector_29      0x9fc015a0        0x8
 *(.vector_29)
 .vector_29     0x9fc015a0        0x8 c:/program files (x86)/microchip/xc32/v1.40/bin/bin/../../lib/gcc/pic32mx/4.8.3/../../../../pic32mx/lib\libpic32.a(vector29.o)
                0x9fc015a0                __vector_dispatch_29
                0x00000001                ASSERT (((_vector_spacing == 0x0) || (SIZEOF (.vector_29) <= (_vector_spacing << 0x5))), function at exception vector 29 too large)

.vector_30      0x9fc015c0        0x8
 *(.vector_30)
 .vector_30     0x9fc015c0        0x8 c:/program files (x86)/microchip/xc32/v1.40/bin/bin/../../lib/gcc/pic32mx/4.8.3/../../../../pic32mx/lib\libpic32.a(vector30.o)
                0x9fc015c0                __vector_dispatch_30
                0x00000001                ASSERT (((_vector_spacing == 0x0) || (SIZEOF (.vector_30) <= (_vector_spacing << 0x5))), function at exception vector 30 too large)

.vector_31      0x9fc015e0        0x8
 *(.vector_31)
 .vector_31     0x9fc015e0        0x8 c:/program files (x86)/microchip/xc32/v1.40/bin/bin/../../lib/gcc/pic32mx/4.8.3/../../../../pic32mx/lib\libpic32.a(vector31.o)
                0x9fc015e0                __vector_dispatch_31
                0x00000001                ASSERT (((_vector_spacing == 0x0) || (SIZEOF (.vector_31) <= (_vector_spacing << 0x5))), function at exception vector 31 too large)

.vector_32      0x9fc01600        0x8
 *(.vector_32)
 .vector_32     0x9fc01600        0x8 c:/program files (x86)/microchip/xc32/v1.40/bin/bin/../../lib/gcc/pic32mx/4.8.3/../../../../pic32mx/lib\libpic32.a(vector32.o)
                0x9fc01600                __vector_dispatch_32
                0x00000001                ASSERT (((_vector_spacing == 0x0) || (SIZEOF (.vector_32) <= (_vector_spacing << 0x5))), function at exception vector 32 too large)

.vector_33      0x9fc01620        0x8
 *(.vector_33)
 .vector_33     0x9fc01620        0x8 c:/program files (x86)/microchip/xc32/v1.40/bin/bin/../../lib/gcc/pic32mx/4.8.3/../../../../pic32mx/lib\libpic32.a(vector33.o)
                0x9fc01620                __vector_dispatch_33
                0x00000001                ASSERT (((_vector_spacing == 0x0) || (SIZEOF (.vector_33) <= (_vector_spacing << 0x5))), function at exception vector 33 too large)

.vector_34      0x9fc01640        0x8
 *(.vector_34)
 .vector_34     0x9fc01640        0x8 c:/program files (x86)/microchip/xc32/v1.40/bin/bin/../../lib/gcc/pic32mx/4.8.3/../../../../pic32mx/lib\libpic32.a(vector34.o)
                0x9fc01640                __vector_dispatch_34
                0x00000001                ASSERT (((_vector_spacing == 0x0) || (SIZEOF (.vector_34) <= (_vector_spacing << 0x5))), function at exception vector 34 too large)

.vector_35      0x9fc01660        0x8
 *(.vector_35)
 .vector_35     0x9fc01660        0x8 c:/program files (x86)/microchip/xc32/v1.40/bin/bin/../../lib/gcc/pic32mx/4.8.3/../../../../pic32mx/lib\libpic32.a(vector35.o)
                0x9fc01660                __vector_dispatch_35
                0x00000001                ASSERT (((_vector_spacing == 0x0) || (SIZEOF (.vector_35) <= (_vector_spacing << 0x5))), function at exception vector 35 too large)

.vector_36      0x9fc01680        0x8
 *(.vector_36)
 .vector_36     0x9fc01680        0x8 c:/program files (x86)/microchip/xc32/v1.40/bin/bin/../../lib/gcc/pic32mx/4.8.3/../../../../pic32mx/lib\libpic32.a(vector36.o)
                0x9fc01680                __vector_dispatch_36
                0x00000001                ASSERT (((_vector_spacing == 0x0) || (SIZEOF (.vector_36) <= (_vector_spacing << 0x5))), function at exception vector 36 too large)

.vector_37      0x9fc016a0        0x8
 *(.vector_37)
 .vector_37     0x9fc016a0        0x8 c:/program files (x86)/microchip/xc32/v1.40/bin/bin/../../lib/gcc/pic32mx/4.8.3/../../../../pic32mx/lib\libpic32.a(vector37.o)
                0x9fc016a0                __vector_dispatch_37
                0x00000001                ASSERT (((_vector_spacing == 0x0) || (SIZEOF (.vector_37) <= (_vector_spacing << 0x5))), function at exception vector 37 too large)

.vector_38      0x9fc016c0        0x8
 *(.vector_38)
 .vector_38     0x9fc016c0        0x8 c:/program files (x86)/microchip/xc32/v1.40/bin/bin/../../lib/gcc/pic32mx/4.8.3/../../../../pic32mx/lib\libpic32.a(vector38.o)
                0x9fc016c0                __vector_dispatch_38
                0x00000001                ASSERT (((_vector_spacing == 0x0) || (SIZEOF (.vector_38) <= (_vector_spacing << 0x5))), function at exception vector 38 too large)

.vector_39      0x9fc016e0        0x8
 *(.vector_39)
 .vector_39     0x9fc016e0        0x8 c:/program files (x86)/microchip/xc32/v1.40/bin/bin/../../lib/gcc/pic32mx/4.8.3/../../../../pic32mx/lib\libpic32.a(vector39.o)
                0x9fc016e0                __vector_dispatch_39
                0x00000001                ASSERT (((_vector_spacing == 0x0) || (SIZEOF (.vector_39) <= (_vector_spacing << 0x5))), function at exception vector 39 too large)

.vector_40      0x9fc01700        0x8
 *(.vector_40)
 .vector_40     0x9fc01700        0x8 c:/program files (x86)/microchip/xc32/v1.40/bin/bin/../../lib/gcc/pic32mx/4.8.3/../../../../pic32mx/lib\libpic32.a(vector40.o)
                0x9fc01700                __vector_dispatch_40
                0x00000001                ASSERT (((_vector_spacing == 0x0) || (SIZEOF (.vector_40) <= (_vector_spacing << 0x5))), function at exception vector 40 too large)

.vector_41      0x9fc01720        0x8
 *(.vector_41)
 .vector_41     0x9fc01720        0x8 c:/program files (x86)/microchip/xc32/v1.40/bin/bin/../../lib/gcc/pic32mx/4.8.3/../../../../pic32mx/lib\libpic32.a(vector41.o)
                0x9fc01720                __vector_dispatch_41
                0x00000001                ASSERT (((_vector_spacing == 0x0) || (SIZEOF (.vector_41) <= (_vector_spacing << 0x5))), function at exception vector 41 too large)

.vector_42      0x9fc01740        0x8
 *(.vector_42)
 .vector_42     0x9fc01740        0x8 c:/program files (x86)/microchip/xc32/v1.40/bin/bin/../../lib/gcc/pic32mx/4.8.3/../../../../pic32mx/lib\libpic32.a(vector42.o)
                0x9fc01740                __vector_dispatch_42
                0x00000001                ASSERT (((_vector_spacing == 0x0) || (SIZEOF (.vector_42) <= (_vector_spacing << 0x5))), function at exception vector 42 too large)

.vector_43      0x9fc01760        0x8
 *(.vector_43)
 .vector_43     0x9fc01760        0x8 c:/program files (x86)/microchip/xc32/v1.40/bin/bin/../../lib/gcc/pic32mx/4.8.3/../../../../pic32mx/lib\libpic32.a(vector43.o)
                0x9fc01760                __vector_dispatch_43
                0x00000001                ASSERT (((_vector_spacing == 0x0) || (SIZEOF (.vector_43) <= (_vector_spacing << 0x5))), function at exception vector 43 too large)

.vector_44      0x9fc01780        0x8
 *(.vector_44)
 .vector_44     0x9fc01780        0x8 c:/program files (x86)/microchip/xc32/v1.40/bin/bin/../../lib/gcc/pic32mx/4.8.3/../../../../pic32mx/lib\libpic32.a(vector44.o)
                0x9fc01780                __vector_dispatch_44
                0x00000001                ASSERT (((_vector_spacing == 0x0) || (SIZEOF (.vector_44) <= (_vector_spacing << 0x5))), function at exception vector 44 too large)

.vector_45      0x9fc017a0        0x8
 *(.vector_45)
 .vector_45     0x9fc017a0        0x8 c:/program files (x86)/microchip/xc32/v1.40/bin/bin/../../lib/gcc/pic32mx/4.8.3/../../../../pic32mx/lib\libpic32.a(vector45.o)
                0x9fc017a0                __vector_dispatch_45
                0x00000001                ASSERT (((_vector_spacing == 0x0) || (SIZEOF (.vector_45) <= (_vector_spacing << 0x5))), function at exception vector 45 too large)

.vector_46      0x9fc017c0        0x8
 *(.vector_46)
 .vector_46     0x9fc017c0        0x8 c:/program files (x86)/microchip/xc32/v1.40/bin/bin/../../lib/gcc/pic32mx/4.8.3/../../../../pic32mx/lib\libpic32.a(vector46.o)
                0x9fc017c0                __vector_dispatch_46
                0x00000001                ASSERT (((_vector_spacing == 0x0) || (SIZEOF (.vector_46) <= (_vector_spacing << 0x5))), function at exception vector 46 too large)

.vector_47      0x9fc017e0        0x8
 *(.vector_47)
 .vector_47     0x9fc017e0        0x8 c:/program files (x86)/microchip/xc32/v1.40/bin/bin/../../lib/gcc/pic32mx/4.8.3/../../../../pic32mx/lib\libpic32.a(vector47.o)
                0x9fc017e0                __vector_dispatch_47
                0x00000001                ASSERT (((_vector_spacing == 0x0) || (SIZEOF (.vector_47) <= (_vector_spacing << 0x5))), function at exception vector 47 too large)

.vector_48      0x9fc01800        0x8
 *(.vector_48)
 .vector_48     0x9fc01800        0x8 c:/program files (x86)/microchip/xc32/v1.40/bin/bin/../../lib/gcc/pic32mx/4.8.3/../../../../pic32mx/lib\libpic32.a(vector48.o)
                0x9fc01800                __vector_dispatch_48
                0x00000001                ASSERT (((_vector_spacing == 0x0) || (SIZEOF (.vector_48) <= (_vector_spacing << 0x5))), function at exception vector 48 too large)

.vector_49      0x9fc01820        0x8
 *(.vector_49)
 .vector_49     0x9fc01820        0x8 c:/program files (x86)/microchip/xc32/v1.40/bin/bin/../../lib/gcc/pic32mx/4.8.3/../../../../pic32mx/lib\libpic32.a(vector49.o)
                0x9fc01820                __vector_dispatch_49
                0x00000001                ASSERT (((_vector_spacing == 0x0) || (SIZEOF (.vector_49) <= (_vector_spacing << 0x5))), function at exception vector 49 too large)

.vector_50      0x9fc01840        0x8
 *(.vector_50)
 .vector_50     0x9fc01840        0x8 c:/program files (x86)/microchip/xc32/v1.40/bin/bin/../../lib/gcc/pic32mx/4.8.3/../../../../pic32mx/lib\libpic32.a(vector50.o)
                0x9fc01840                __vector_dispatch_50
                0x00000001                ASSERT (((_vector_spacing == 0x0) || (SIZEOF (.vector_50) <= (_vector_spacing << 0x5))), function at exception vector 50 too large)

.vector_51      0x9fc01860        0x8
 *(.vector_51)
 .vector_51     0x9fc01860        0x8 c:/program files (x86)/microchip/xc32/v1.40/bin/bin/../../lib/gcc/pic32mx/4.8.3/../../../../pic32mx/lib\libpic32.a(vector51.o)
                0x9fc01860                __vector_dispatch_51
                0x00000001                ASSERT (((_vector_spacing == 0x0) || (SIZEOF (.vector_51) <= (_vector_spacing << 0x5))), function at exception vector 51 too large)

.vector_52      0x9fc01880        0x0
 *(.vector_52)
                0x00000001                ASSERT (((_vector_spacing == 0x0) || (SIZEOF (.vector_52) <= (_vector_spacing << 0x5))), function at exception vector 52 too large)

.vector_53      0x9fc018a0        0x0
 *(.vector_53)
                0x00000001                ASSERT (((_vector_spacing == 0x0) || (SIZEOF (.vector_53) <= (_vector_spacing << 0x5))), function at exception vector 53 too large)

.vector_54      0x9fc018c0        0x0
 *(.vector_54)
                0x00000001                ASSERT (((_vector_spacing == 0x0) || (SIZEOF (.vector_54) <= (_vector_spacing << 0x5))), function at exception vector 54 too large)

.vector_55      0x9fc018e0        0x0
 *(.vector_55)
                0x00000001                ASSERT (((_vector_spacing == 0x0) || (SIZEOF (.vector_55) <= (_vector_spacing << 0x5))), function at exception vector 55 too large)

.vector_56      0x9fc01900        0x0
 *(.vector_56)
                0x00000001                ASSERT (((_vector_spacing == 0x0) || (SIZEOF (.vector_56) <= (_vector_spacing << 0x5))), function at exception vector 56 too large)

.vector_57      0x9fc01920        0x0
 *(.vector_57)
                0x00000001                ASSERT (((_vector_spacing == 0x0) || (SIZEOF (.vector_57) <= (_vector_spacing << 0x5))), function at exception vector 57 too large)

.vector_58      0x9fc01940        0x0
 *(.vector_58)
                0x00000001                ASSERT (((_vector_spacing == 0x0) || (SIZEOF (.vector_58) <= (_vector_spacing << 0x5))), function at exception vector 58 too large)

.vector_59      0x9fc01960        0x0
 *(.vector_59)
                0x00000001                ASSERT (((_vector_spacing == 0x0) || (SIZEOF (.vector_59) <= (_vector_spacing << 0x5))), function at exception vector 59 too large)

.vector_60      0x9fc01980        0x0
 *(.vector_60)
                0x00000001                ASSERT (((_vector_spacing == 0x0) || (SIZEOF (.vector_60) <= (_vector_spacing << 0x5))), function at exception vector 60 too large)

.vector_61      0x9fc019a0        0x0
 *(.vector_61)
                0x00000001                ASSERT (((_vector_spacing == 0x0) || (SIZEOF (.vector_61) <= (_vector_spacing << 0x5))), function at exception vector 61 too large)

.vector_62      0x9fc019c0        0x0
 *(.vector_62)
                0x00000001                ASSERT (((_vector_spacing == 0x0) || (SIZEOF (.vector_62) <= (_vector_spacing << 0x5))), function at exception vector 62 too large)

.vector_63      0x9fc019e0        0x0
 *(.vector_63)
                0x00000001                ASSERT (((_vector_spacing == 0x0) || (SIZEOF (.vector_63) <= (_vector_spacing << 0x5))), function at exception vector 63 too large)

.startup
 *(.startup)

.text           0x9d000000        0x0
 *(.stub .gnu.linkonce.t.*)
 *(.text.*personality*)
 *(.mips16.fn.*)
 *(.mips16.call.*)
 *(.gnu.warning)
                0x9d000000                . = ALIGN (0x4)

.init           0x9d000000        0x0
 *crti.o(.init)
 *crtbegin.o(.init)
 *(EXCLUDE_FILE(*crtn.o *crtend?.o *crtend.o) .init)
 *crtend.o(.init)
 *crtn.o(.init)
                0x9d000000                . = ALIGN (0x4)

.fini           0x9d000000        0x0
 *(.fini)
                0x9d000000                . = ALIGN (0x4)

.preinit_array  0x9d000000        0x0
                0x9d000000                PROVIDE (__preinit_array_start, .)
 *(.preinit_array)
                0x9d000000                PROVIDE (__preinit_array_end, .)
                0x9d000000                . = ALIGN (0x4)

.init_array     0x9d000000        0x0
                0x9d000000                PROVIDE (__init_array_start, .)
 *(SORT(.init_array.*))
 *(.init_array)
                0x9d000000                PROVIDE (__init_array_end, .)
                0x9d000000                . = ALIGN (0x4)

.fini_array     0x9d000000        0x0
                0x9d000000                PROVIDE (__fini_array_start, .)
 *(SORT(.fini_array.*))
 *(.fini_array)
                0x9d000000                PROVIDE (__fini_array_end, .)
                0x9d000000                . = ALIGN (0x4)

.ctors          0x9d000000        0x0
 *crtbegin.o(.ctors)
 *crtbegin?.o(.ctors)
 *(EXCLUDE_FILE(*crtend?.o *crtend.o) .ctors)
 *(SORT(.ctors.*))
 *(.ctors)
                0x9d000000                . = ALIGN (0x4)

.dtors          0x9d000000        0x0
 *crtbegin.o(.dtors)
 *crtbegin?.o(.dtors)
 *(EXCLUDE_FILE(*crtend?.o *crtend.o) .dtors)
 *(SORT(.dtors.*))
 *(.dtors)
                0x9d000000                . = ALIGN (0x4)

.rodata         0x9d000000        0x0
 *(.gnu.linkonce.r.*)
 *(.rodata1)
                0x9d000000                . = ALIGN (0x4)

.sdata2         0x9fc00490        0x0
 *(.sdata2 .sdata2.* .gnu.linkonce.s2.*)
                0x9fc00490                . = ALIGN (0x4)

.sbss2          0x9fc00490        0x0
 *(.sbss2 .sbss2.* .gnu.linkonce.sb2.*)
                0x9fc00490                . = ALIGN (0x4)

.eh_frame_hdr
 *(.eh_frame_hdr)
                0x9fc00490                . = ALIGN (0x4)

.eh_frame
 *(.eh_frame)
                0x9fc00490                . = ALIGN (0x4)

.gcc_except_table
 *(.gcc_except_table .gcc_except_table.*)
                0x9fc00490                . = ALIGN (0x4)

.dbg_data       0xa0000200        0x0
                0xa0000200                . = (. + DEFINED (_DEBUGGER)?0x200:0x0)

.jcr            0xa0000200        0x0
 *(.jcr)
                0xa0000200                . = ALIGN (0x4)

.eh_frame
 *(.eh_frame)
                0xa0000200                . = ALIGN (0x4)

.gcc_except_table
 *(.gcc_except_table .gcc_except_table.*)
                0xa0000200                . = ALIGN (0x4)

.persist        0xa0000200        0x0
                0xa0000200                _persist_begin = .
 *(.persist .persist.*)
 *(.pbss .pbss.*)
                0xa0000200                . = ALIGN (0x4)
                0xa0000200                _persist_end = .

.data           0xa0000200        0x0
 *(.gnu.linkonce.d.*)
 *(.data1)
                0xa0000200                . = ALIGN (0x4)
                0xa0000200                . = .
                0xa00081f0                _gp = (ALIGN (0x10) + 0x7ff0)

.got            0xa0000200        0x0
 *(.got.plt)
 *(.got)
                0xa0000200                . = ALIGN (0x4)

.sdata          0xa0000200        0x8
                0xa0000200                _sdata_begin = .
 *(.sdata .sdata.* .gnu.linkonce.s.*)
 .sdata         0xa0000200        0x4 build/default/debug/_ext/184327166/tasks.o
                0xa0000200                xNextTaskUnblockTime
 .sdata         0xa0000204        0x4 build/default/debug/_ext/1062886388/port.o
                0xa0000204                uxInterruptNesting
                0xa0000208                . = ALIGN (0x4)
                0xa0000208                _sdata_end = .

.lit8
 *(.lit8)

.lit4
 *(.lit4)
                0xa0000208                . = ALIGN (0x4)
                0xa0000208                _data_end = .
                0xa0000208                _bss_begin = .

.sbss           0xa0000208       0x84
                0xa0000208                _sbss_begin = .
 *(.dynsbss)
 *(.sbss .sbss.* .gnu.linkonce.sb.*)
 .sbss          0xa0000208       0x14 build/default/debug/_ext/184327166/croutine.o
                0xa0000208                pxCurrentCoRoutine
                0xa000020c                uxTopCoRoutineReadyPriority
                0xa0000210                xCoRoutineTickCount
                0xa0000214                xLastTickCount
                0xa0000218                xPassedTicks
 .sbss          0xa000021c       0x2c build/default/debug/_ext/184327166/tasks.o
                0xa000021c                pxCurrentTCB
                0xa0000220                uxTasksDeleted
                0xa0000224                uxCurrentNumberOfTasks
                0xa0000228                xTickCount
                0xa000022c                uxTopReadyPriority
                0xa0000230                xSchedulerRunning
                0xa0000234                uxPendedTicks
                0xa0000238                xYieldPending
                0xa000023c                xNumOfOverflows
                0xa0000240                uxTaskNumber
                0xa0000244                uxSchedulerSuspended
 .sbss          0xa0000248       0x10 build/default/debug/_ext/184327166/timers.o
 .sbss          0xa0000258        0x8 build/default/debug/_ext/1818123999/heap_1.o
 .sbss          0xa0000260        0x4 build/default/debug/_ext/1062886388/port.o
                0xa0000260                uxSavedTaskStackPointer
 .sbss          0xa0000264        0xc build/default/debug/_ext/1688732426/system_exceptions.o
 *(.scommon)
 .scommon       0xa0000270        0x8 build/default/debug/_ext/351848739/sys_devcon.o
                0xa0000270                sysDevconObj
 .scommon       0xa0000278        0x8 build/default/debug/_ext/184327166/croutine.o
                0xa0000278                pxOverflowDelayedCoRoutineList
                0xa000027c                pxDelayedCoRoutineList
 .scommon       0xa0000280        0x8 build/default/debug/_ext/184327166/tasks.o
                0xa0000280                pxDelayedTaskList
                0xa0000284                pxOverflowDelayedTaskList
 .scommon       0xa0000288        0x4 build/default/debug/_ext/1688732426/system_init.o
                0xa0000288                sysObj
                0xa000028c                _sbss_end = .
                0xa000028c                . = ALIGN (0x4)

.bss            0xa000028c       0xd8
 *(.dynbss)
 *(COMMON)
 COMMON         0xa000028c       0x10 build/default/debug/_ext/1360937237/app.o
                0xa000028c                appData
 COMMON         0xa000029c       0xc8 build/default/debug/_ext/184327166/tasks.o
                0xa000029c                pxReadyTasksLists
                0xa0000300                xPendingReadyList
                0xa0000314                xTasksWaitingTermination
                0xa0000328                xSuspendedTaskList
                0xa000033c                xDelayedTaskList2
                0xa0000350                xDelayedTaskList1
                0xa0000364                . = ALIGN ((. != 0x0)?0x4:0x1)
                0xa0000364                . = ALIGN (0x4)
                0xa0000364                _end = .
                0xa0000364                _bss_end = .
                0x00020000                _bmxdudba_address = 0x20000
                0x00020000                _bmxdupba_address = 0x20000

/DISCARD/
 *(.pdr)
 *(.rel.dyn)
 *(.note.GNU-stack)
 *(.note.GNU-stack)
 *(.gnu_debuglink)
 *(.gnu.lto_*)
 *(.discard)

.gptab.sdata
 *(.gptab.data)
 *(.gptab.sdata)

.gptab.sbss
 *(.gptab.bss)
 *(.gptab.sbss)

.mdebug.abi32   0xa0000364        0x0
 *(.mdebug.abi32)
 .mdebug.abi32  0xa0000364        0x0 c:/program files (x86)/microchip/xc32/v1.40/bin/bin/../../lib/gcc/pic32mx/4.8.3/../../../../pic32mx/lib\software-debug-break.o
 .mdebug.abi32  0xa0000364        0x0 build/default/debug/_ext/1360937237/app.o
 .mdebug.abi32  0xa0000364        0x0 build/default/debug/_ext/1360937237/main.o
 .mdebug.abi32  0xa0000364        0x0 build/default/debug/_ext/1360937237/debug.o
 .mdebug.abi32  0xa0000364        0x0 build/default/debug/_ext/1360937237/timer.o
 .mdebug.abi32  0xa0000364        0x0 build/default/debug/_ext/1879384925/osal_freertos.o
 .mdebug.abi32  0xa0000364        0x0 build/default/debug/_ext/351848739/sys_devcon.o
 .mdebug.abi32  0xa0000364        0x0 build/default/debug/_ext/351848739/sys_devcon_pic32mx.o
 .mdebug.abi32  0xa0000364        0x0 build/default/debug/_ext/474818461/sys_int_pic32.o
 .mdebug.abi32  0xa0000364        0x0 build/default/debug/_ext/1139950406/sys_ports.o
 .mdebug.abi32  0xa0000364        0x0 build/default/debug/_ext/184327166/croutine.o
 .mdebug.abi32  0xa0000364        0x0 build/default/debug/_ext/184327166/list.o
 .mdebug.abi32  0xa0000364        0x0 build/default/debug/_ext/184327166/queue.o
 .mdebug.abi32  0xa0000364        0x0 build/default/debug/_ext/184327166/tasks.o
 .mdebug.abi32  0xa0000364        0x0 build/default/debug/_ext/184327166/timers.o
 .mdebug.abi32  0xa0000364        0x0 build/default/debug/_ext/184327166/event_groups.o
 .mdebug.abi32  0xa0000364        0x0 build/default/debug/_ext/1818123999/heap_1.o
 .mdebug.abi32  0xa0000364        0x0 build/default/debug/_ext/1062886388/port.o
 .mdebug.abi32  0xa0000364        0x0 build/default/debug/_ext/1345626252/drv_usart_static.o
 .mdebug.abi32  0xa0000364        0x0 build/default/debug/_ext/639803181/sys_clk_static.o
 .mdebug.abi32  0xa0000364        0x0 build/default/debug/_ext/822048611/sys_ports_static.o
 .mdebug.abi32  0xa0000364        0x0 build/default/debug/_ext/1688732426/system_init.o
 .mdebug.abi32  0xa0000364        0x0 build/default/debug/_ext/1688732426/system_interrupt.o
 .mdebug.abi32  0xa0000364        0x0 build/default/debug/_ext/1688732426/system_exceptions.o
 .mdebug.abi32  0xa0000364        0x0 build/default/debug/_ext/1688732426/system_tasks.o
 .mdebug.abi32  0xa0000364        0x0 build/default/debug/_ext/1688732426/rtos_hooks.o
 .mdebug.abi32  0xa0000364        0x0 c:/program files (x86)/microchip/xc32/v1.40/bin/bin/../../lib/gcc/pic32mx/4.8.3/../../../../pic32mx/lib\libpic32.a(default-bootstrap-exception-handler.o)
 .mdebug.abi32  0xa0000364        0x0 c:/program files (x86)/microchip/xc32/v1.40/bin/bin/../../lib/gcc/pic32mx/4.8.3/../../../../pic32mx/lib\libpic32.a(default-on-reset.o)
 .mdebug.abi32  0xa0000364        0x0 c:/program files (x86)/microchip/xc32/v1.40/bin/bin/../../lib/gcc/pic32mx/4.8.3/../../../../pic32mx/lib\libpic32.a(default-on-bootstrap.o)
 .mdebug.abi32  0xa0000364        0x0 c:/program files (x86)/microchip/xc32/v1.40/bin/bin/../../lib/gcc/pic32mx/4.8.3/../../../../pic32mx/lib\libpic32.a(defaultinterrupt.o)

.mdebug.abiN32
 *(.mdebug.abiN32)

.mdebug.abi64
 *(.mdebug.abi64)

.mdebug.abiO64
 *(.mdebug.abiO64)

.mdebug.eabi32
 *(.mdebug.eabi32)

.mdebug.eabi64
 *(.mdebug.eabi64)

.gcc_compiled_long32
 *(.gcc_compiled_long32)

.gcc_compiled_long64
 *(.gcc_compiled_long64)

.stab
 *(.stab)

.stabstr
 *(.stabstr)

.stab.excl
 *(.stab.excl)

.stab.exclstr
 *(.stab.exclstr)

.stab.index
 *(.stab.index)

.stab.indexstr
 *(.stab.indexstr)

.comment        0x00000000       0x6c
 *(.comment)
 .comment       0x00000000       0x3c c:/program files (x86)/microchip/xc32/v1.40/bin/bin/../../lib/gcc/pic32mx/4.8.3/../../../../pic32mx/lib\software-debug-break.o
                                 0x3d (size before relaxing)
 .comment       0x00000000       0x3d build/default/debug/_ext/1360937237/app.o
 .comment       0x00000000       0x3d build/default/debug/_ext/1360937237/main.o
 .comment       0x00000000       0x3d build/default/debug/_ext/1360937237/debug.o
 .comment       0x00000000       0x3d build/default/debug/_ext/1360937237/timer.o
 .comment       0x00000000       0x3d build/default/debug/_ext/1879384925/osal_freertos.o
 .comment       0x00000000       0x3d build/default/debug/_ext/351848739/sys_devcon.o
 .comment       0x00000000       0x3d build/default/debug/_ext/351848739/sys_devcon_pic32mx.o
 .comment       0x00000000       0x3d build/default/debug/_ext/474818461/sys_int_pic32.o
 .comment       0x00000000       0x3d build/default/debug/_ext/1139950406/sys_ports.o
 .comment       0x00000000       0x3d build/default/debug/_ext/184327166/croutine.o
 .comment       0x00000000       0x3d build/default/debug/_ext/184327166/list.o
 .comment       0x00000000       0x3d build/default/debug/_ext/184327166/queue.o
 .comment       0x00000000       0x3d build/default/debug/_ext/184327166/tasks.o
 .comment       0x00000000       0x3d build/default/debug/_ext/184327166/timers.o
 .comment       0x00000000       0x3d build/default/debug/_ext/184327166/event_groups.o
 .comment       0x00000000       0x3d build/default/debug/_ext/1818123999/heap_1.o
 .comment       0x00000000       0x3d build/default/debug/_ext/1062886388/port.o
 .comment       0x00000000       0x3d build/default/debug/_ext/1345626252/drv_usart_static.o
 .comment       0x00000000       0x3d build/default/debug/_ext/639803181/sys_clk_static.o
 .comment       0x00000000       0x3d build/default/debug/_ext/822048611/sys_ports_static.o
 .comment       0x00000000       0x3d build/default/debug/_ext/1688732426/system_init.o
 .comment       0x00000000       0x3d build/default/debug/_ext/1688732426/system_interrupt.o
 .comment       0x00000000       0x3d build/default/debug/_ext/1688732426/system_exceptions.o
 .comment       0x00000000       0x3d build/default/debug/_ext/1688732426/system_tasks.o
 .comment       0x00000000       0x3d build/default/debug/_ext/1688732426/rtos_hooks.o
 .comment       0x0000003c       0x18 c:/program files (x86)/microchip/xc32/v1.40/bin/bin/../../lib/gcc/pic32mx/4.8.3/../../../../pic32mx/lib\libpic32.a(memset.o)
                                 0x19 (size before relaxing)
 .comment       0x00000000       0x3d c:/program files (x86)/microchip/xc32/v1.40/bin/bin/../../lib/gcc/pic32mx/4.8.3/../../../../pic32mx/lib\libpic32.a(default-bootstrap-exception-handler.o)
 .comment       0x00000000       0x3d c:/program files (x86)/microchip/xc32/v1.40/bin/bin/../../lib/gcc/pic32mx/4.8.3/../../../../pic32mx/lib\libpic32.a(default-on-reset.o)
 .comment       0x00000000       0x3d c:/program files (x86)/microchip/xc32/v1.40/bin/bin/../../lib/gcc/pic32mx/4.8.3/../../../../pic32mx/lib\libpic32.a(default-on-bootstrap.o)
 .comment       0x00000054       0x18 c:/program files (x86)/microchip/xc32/v1.40/bin/bin/../../lib/gcc/pic32mx/4.8.3/../../../../pic32mx/lib\libpic32.a(memcmp.o)
                                 0x19 (size before relaxing)
 .comment       0x00000000       0x3d c:/program files (x86)/microchip/xc32/v1.40/bin/bin/../../lib/gcc/pic32mx/4.8.3/../../../../pic32mx/lib\libpic32.a(defaultinterrupt.o)

.debug
 *(.debug)

.line
 *(.line)

.debug_srcinfo
 *(.debug_srcinfo)

.debug_sfnames
 *(.debug_sfnames)

.debug_aranges  0x00000000      0x940
 *(.debug_aranges)
 .debug_aranges
                0x00000000       0x20 c:/program files (x86)/microchip/xc32/v1.40/bin/bin/../../lib/gcc/pic32mx/4.8.3/../../../../pic32mx/lib\software-debug-break.o
 .debug_aranges
                0x00000020       0x30 build/default/debug/_ext/1360937237/app.o
 .debug_aranges
                0x00000050       0x20 build/default/debug/_ext/1360937237/main.o
 .debug_aranges
                0x00000070       0x38 build/default/debug/_ext/1360937237/debug.o
 .debug_aranges
                0x000000a8       0x28 build/default/debug/_ext/1360937237/timer.o
 .debug_aranges
                0x000000d0       0x88 build/default/debug/_ext/1879384925/osal_freertos.o
 .debug_aranges
                0x00000158       0x78 build/default/debug/_ext/351848739/sys_devcon.o
 .debug_aranges
                0x000001d0       0x20 build/default/debug/_ext/351848739/sys_devcon_pic32mx.o
 .debug_aranges
                0x000001f0       0x48 build/default/debug/_ext/474818461/sys_int_pic32.o
 .debug_aranges
                0x00000238       0xf8 build/default/debug/_ext/1139950406/sys_ports.o
 .debug_aranges
                0x00000330       0x50 build/default/debug/_ext/184327166/croutine.o
 .debug_aranges
                0x00000380       0x40 build/default/debug/_ext/184327166/list.o
 .debug_aranges
                0x000003c0       0xb8 build/default/debug/_ext/184327166/queue.o
 .debug_aranges
                0x00000478      0x1a0 build/default/debug/_ext/184327166/tasks.o
 .debug_aranges
                0x00000618       0x68 build/default/debug/_ext/184327166/timers.o
 .debug_aranges
                0x00000680       0x60 build/default/debug/_ext/184327166/event_groups.o
 .debug_aranges
                0x000006e0       0x38 build/default/debug/_ext/1818123999/heap_1.o
 .debug_aranges
                0x00000718       0x58 build/default/debug/_ext/1062886388/port.o
 .debug_aranges
                0x00000770       0x20 build/default/debug/_ext/1062886388/port_asm.o
 .debug_aranges
                0x00000790       0x28 build/default/debug/_ext/1345626252/drv_usart_static.o
 .debug_aranges
                0x000007b8       0x38 build/default/debug/_ext/639803181/sys_clk_static.o
 .debug_aranges
                0x000007f0       0x20 build/default/debug/_ext/822048611/sys_ports_static.o
 .debug_aranges
                0x00000810       0x20 build/default/debug/_ext/1688732426/system_init.o
 .debug_aranges
                0x00000830       0x18 build/default/debug/_ext/1688732426/system_interrupt.o
 .debug_aranges
                0x00000848       0x20 build/default/debug/_ext/1688732426/system_exceptions.o
 .debug_aranges
                0x00000868       0x30 build/default/debug/_ext/1688732426/system_tasks.o
 .debug_aranges
                0x00000898       0x28 build/default/debug/_ext/1688732426/rtos_hooks.o
 .debug_aranges
                0x000008c0       0x20 c:/program files (x86)/microchip/xc32/v1.40/bin/bin/../../lib/gcc/pic32mx/4.8.3/../../../../pic32mx/lib\libpic32.a(default-bootstrap-exception-handler.o)
 .debug_aranges
                0x000008e0       0x20 c:/program files (x86)/microchip/xc32/v1.40/bin/bin/../../lib/gcc/pic32mx/4.8.3/../../../../pic32mx/lib\libpic32.a(default-on-reset.o)
 .debug_aranges
                0x00000900       0x20 c:/program files (x86)/microchip/xc32/v1.40/bin/bin/../../lib/gcc/pic32mx/4.8.3/../../../../pic32mx/lib\libpic32.a(default-on-bootstrap.o)
 .debug_aranges
                0x00000920       0x20 c:/program files (x86)/microchip/xc32/v1.40/bin/bin/../../lib/gcc/pic32mx/4.8.3/../../../../pic32mx/lib\libpic32.a(defaultinterrupt.o)

.debug_pubnames
 *(.debug_pubnames)

.debug_info     0x00000000    0x17c1c
 *(.debug_info .gnu.linkonce.wi.*)
 .debug_info    0x00000000       0xd3 c:/program files (x86)/microchip/xc32/v1.40/bin/bin/../../lib/gcc/pic32mx/4.8.3/../../../../pic32mx/lib\software-debug-break.o
 .debug_info    0x000000d3      0xaf2 build/default/debug/_ext/1360937237/app.o
 .debug_info    0x00000bc5      0x198 build/default/debug/_ext/1360937237/main.o
 .debug_info    0x00000d5d      0xf0d build/default/debug/_ext/1360937237/debug.o
 .debug_info    0x00001c6a      0x8ba build/default/debug/_ext/1360937237/timer.o
 .debug_info    0x00002524      0xaac build/default/debug/_ext/1879384925/osal_freertos.o
 .debug_info    0x00002fd0     0x108f build/default/debug/_ext/351848739/sys_devcon.o
 .debug_info    0x0000405f      0xd59 build/default/debug/_ext/351848739/sys_devcon_pic32mx.o
 .debug_info    0x00004db8     0x15c8 build/default/debug/_ext/474818461/sys_int_pic32.o
 .debug_info    0x00006380     0x325d build/default/debug/_ext/1139950406/sys_ports.o
 .debug_info    0x000095dd      0xb92 build/default/debug/_ext/184327166/croutine.o
 .debug_info    0x0000a16f      0x47c build/default/debug/_ext/184327166/list.o
 .debug_info    0x0000a5eb     0x184b build/default/debug/_ext/184327166/queue.o
 .debug_info    0x0000be36     0x29c9 build/default/debug/_ext/184327166/tasks.o
 .debug_info    0x0000e7ff     0x1475 build/default/debug/_ext/184327166/timers.o
 .debug_info    0x0000fc74      0xd57 build/default/debug/_ext/184327166/event_groups.o
 .debug_info    0x000109cb      0x37c build/default/debug/_ext/1818123999/heap_1.o
 .debug_info    0x00010d47     0x11b0 build/default/debug/_ext/1062886388/port.o
 .debug_info    0x00011ef7       0xc1 build/default/debug/_ext/1062886388/port_asm.o
 .debug_info    0x00011fb8     0x180c build/default/debug/_ext/1345626252/drv_usart_static.o
 .debug_info    0x000137c4      0xfce build/default/debug/_ext/639803181/sys_clk_static.o
 .debug_info    0x00014792      0xcab build/default/debug/_ext/822048611/sys_ports_static.o
 .debug_info    0x0001543d      0xb99 build/default/debug/_ext/1688732426/system_init.o
 .debug_info    0x00015fd6      0x621 build/default/debug/_ext/1688732426/system_interrupt.o
 .debug_info    0x000165f7      0x6ce build/default/debug/_ext/1688732426/system_exceptions.o
 .debug_info    0x00016cc5      0x9d9 build/default/debug/_ext/1688732426/system_tasks.o
 .debug_info    0x0001769e      0x242 build/default/debug/_ext/1688732426/rtos_hooks.o
 .debug_info    0x000178e0       0xe3 c:/program files (x86)/microchip/xc32/v1.40/bin/bin/../../lib/gcc/pic32mx/4.8.3/../../../../pic32mx/lib\libpic32.a(default-bootstrap-exception-handler.o)
 .debug_info    0x000179c3       0xbd c:/program files (x86)/microchip/xc32/v1.40/bin/bin/../../lib/gcc/pic32mx/4.8.3/../../../../pic32mx/lib\libpic32.a(default-on-reset.o)
 .debug_info    0x00017a80       0xc5 c:/program files (x86)/microchip/xc32/v1.40/bin/bin/../../lib/gcc/pic32mx/4.8.3/../../../../pic32mx/lib\libpic32.a(default-on-bootstrap.o)
 .debug_info    0x00017b45       0xd7 c:/program files (x86)/microchip/xc32/v1.40/bin/bin/../../lib/gcc/pic32mx/4.8.3/../../../../pic32mx/lib\libpic32.a(defaultinterrupt.o)

.debug_abbrev   0x00000000     0x2c74
 *(.debug_abbrev)
 .debug_abbrev  0x00000000       0x28 c:/program files (x86)/microchip/xc32/v1.40/bin/bin/../../lib/gcc/pic32mx/4.8.3/../../../../pic32mx/lib\software-debug-break.o
 .debug_abbrev  0x00000028      0x153 build/default/debug/_ext/1360937237/app.o
 .debug_abbrev  0x0000017b       0x93 build/default/debug/_ext/1360937237/main.o
 .debug_abbrev  0x0000020e      0x20c build/default/debug/_ext/1360937237/debug.o
 .debug_abbrev  0x0000041a      0x138 build/default/debug/_ext/1360937237/timer.o
 .debug_abbrev  0x00000552      0x1fe build/default/debug/_ext/1879384925/osal_freertos.o
 .debug_abbrev  0x00000750      0x2a1 build/default/debug/_ext/351848739/sys_devcon.o
 .debug_abbrev  0x000009f1      0x16d build/default/debug/_ext/351848739/sys_devcon_pic32mx.o
 .debug_abbrev  0x00000b5e      0x1ea build/default/debug/_ext/474818461/sys_int_pic32.o
 .debug_abbrev  0x00000d48      0x219 build/default/debug/_ext/1139950406/sys_ports.o
 .debug_abbrev  0x00000f61      0x241 build/default/debug/_ext/184327166/croutine.o
 .debug_abbrev  0x000011a2       0xf1 build/default/debug/_ext/184327166/list.o
 .debug_abbrev  0x00001293      0x2e0 build/default/debug/_ext/184327166/queue.o
 .debug_abbrev  0x00001573      0x2f9 build/default/debug/_ext/184327166/tasks.o
 .debug_abbrev  0x0000186c      0x339 build/default/debug/_ext/184327166/timers.o
 .debug_abbrev  0x00001ba5      0x29a build/default/debug/_ext/184327166/event_groups.o
 .debug_abbrev  0x00001e3f      0x13f build/default/debug/_ext/1818123999/heap_1.o
 .debug_abbrev  0x00001f7e      0x2cf build/default/debug/_ext/1062886388/port.o
 .debug_abbrev  0x0000224d       0x14 build/default/debug/_ext/1062886388/port_asm.o
 .debug_abbrev  0x00002261      0x1d6 build/default/debug/_ext/1345626252/drv_usart_static.o
 .debug_abbrev  0x00002437      0x1f8 build/default/debug/_ext/639803181/sys_clk_static.o
 .debug_abbrev  0x0000262f      0x12f build/default/debug/_ext/822048611/sys_ports_static.o
 .debug_abbrev  0x0000275e      0x1dd build/default/debug/_ext/1688732426/system_init.o
 .debug_abbrev  0x0000293b       0x33 build/default/debug/_ext/1688732426/system_interrupt.o
 .debug_abbrev  0x0000296e       0x7b build/default/debug/_ext/1688732426/system_exceptions.o
 .debug_abbrev  0x000029e9      0x154 build/default/debug/_ext/1688732426/system_tasks.o
 .debug_abbrev  0x00002b3d       0x97 build/default/debug/_ext/1688732426/rtos_hooks.o
 .debug_abbrev  0x00002bd4       0x28 c:/program files (x86)/microchip/xc32/v1.40/bin/bin/../../lib/gcc/pic32mx/4.8.3/../../../../pic32mx/lib\libpic32.a(default-bootstrap-exception-handler.o)
 .debug_abbrev  0x00002bfc       0x28 c:/program files (x86)/microchip/xc32/v1.40/bin/bin/../../lib/gcc/pic32mx/4.8.3/../../../../pic32mx/lib\libpic32.a(default-on-reset.o)
 .debug_abbrev  0x00002c24       0x28 c:/program files (x86)/microchip/xc32/v1.40/bin/bin/../../lib/gcc/pic32mx/4.8.3/../../../../pic32mx/lib\libpic32.a(default-on-bootstrap.o)
 .debug_abbrev  0x00002c4c       0x28 c:/program files (x86)/microchip/xc32/v1.40/bin/bin/../../lib/gcc/pic32mx/4.8.3/../../../../pic32mx/lib\libpic32.a(defaultinterrupt.o)

.debug_line     0x00000000     0x54af
 *(.debug_line)
 .debug_line    0x00000000       0x8a c:/program files (x86)/microchip/xc32/v1.40/bin/bin/../../lib/gcc/pic32mx/4.8.3/../../../../pic32mx/lib\software-debug-break.o
 .debug_line    0x0000008a      0x23b build/default/debug/_ext/1360937237/app.o
 .debug_line    0x000002c5       0xa3 build/default/debug/_ext/1360937237/main.o
 .debug_line    0x00000368      0x37d build/default/debug/_ext/1360937237/debug.o
 .debug_line    0x000006e5      0x1e3 build/default/debug/_ext/1360937237/timer.o
 .debug_line    0x000008c8      0x2bb build/default/debug/_ext/1879384925/osal_freertos.o
 .debug_line    0x00000b83      0x5c6 build/default/debug/_ext/351848739/sys_devcon.o
 .debug_line    0x00001149      0x471 build/default/debug/_ext/351848739/sys_devcon_pic32mx.o
 .debug_line    0x000015ba      0x38c build/default/debug/_ext/474818461/sys_int_pic32.o
 .debug_line    0x00001946      0x870 build/default/debug/_ext/1139950406/sys_ports.o
 .debug_line    0x000021b6      0x2d1 build/default/debug/_ext/184327166/croutine.o
 .debug_line    0x00002487      0x1dc build/default/debug/_ext/184327166/list.o
 .debug_line    0x00002663      0x4a2 build/default/debug/_ext/184327166/queue.o
 .debug_line    0x00002b05      0x83b build/default/debug/_ext/184327166/tasks.o
 .debug_line    0x00003340      0x377 build/default/debug/_ext/184327166/timers.o
 .debug_line    0x000036b7      0x321 build/default/debug/_ext/184327166/event_groups.o
 .debug_line    0x000039d8      0x216 build/default/debug/_ext/1818123999/heap_1.o
 .debug_line    0x00003bee      0x23a build/default/debug/_ext/1062886388/port.o
 .debug_line    0x00003e28      0x11a build/default/debug/_ext/1062886388/port_asm.o
 .debug_line    0x00003f42      0x448 build/default/debug/_ext/1345626252/drv_usart_static.o
 .debug_line    0x0000438a      0x365 build/default/debug/_ext/639803181/sys_clk_static.o
 .debug_line    0x000046ef      0x2c0 build/default/debug/_ext/822048611/sys_ports_static.o
 .debug_line    0x000049af      0x373 build/default/debug/_ext/1688732426/system_init.o
 .debug_line    0x00004d22       0x71 build/default/debug/_ext/1688732426/system_interrupt.o
 .debug_line    0x00004d93       0xda build/default/debug/_ext/1688732426/system_exceptions.o
 .debug_line    0x00004e6d      0x2db build/default/debug/_ext/1688732426/system_tasks.o
 .debug_line    0x00005148      0x12e build/default/debug/_ext/1688732426/rtos_hooks.o
 .debug_line    0x00005276       0x97 c:/program files (x86)/microchip/xc32/v1.40/bin/bin/../../lib/gcc/pic32mx/4.8.3/../../../../pic32mx/lib\libpic32.a(default-bootstrap-exception-handler.o)
 .debug_line    0x0000530d       0x84 c:/program files (x86)/microchip/xc32/v1.40/bin/bin/../../lib/gcc/pic32mx/4.8.3/../../../../pic32mx/lib\libpic32.a(default-on-reset.o)
 .debug_line    0x00005391       0x88 c:/program files (x86)/microchip/xc32/v1.40/bin/bin/../../lib/gcc/pic32mx/4.8.3/../../../../pic32mx/lib\libpic32.a(default-on-bootstrap.o)
 .debug_line    0x00005419       0x96 c:/program files (x86)/microchip/xc32/v1.40/bin/bin/../../lib/gcc/pic32mx/4.8.3/../../../../pic32mx/lib\libpic32.a(defaultinterrupt.o)

.debug_frame    0x00000000     0x13ac
 *(.debug_frame)
 .debug_frame   0x00000000       0x20 c:/program files (x86)/microchip/xc32/v1.40/bin/bin/../../lib/gcc/pic32mx/4.8.3/../../../../pic32mx/lib\software-debug-break.o
 .debug_frame   0x00000020       0x60 build/default/debug/_ext/1360937237/app.o
 .debug_frame   0x00000080       0x28 build/default/debug/_ext/1360937237/main.o
 .debug_frame   0x000000a8       0x64 build/default/debug/_ext/1360937237/debug.o
 .debug_frame   0x0000010c       0x40 build/default/debug/_ext/1360937237/timer.o
 .debug_frame   0x0000014c      0x150 build/default/debug/_ext/1879384925/osal_freertos.o
 .debug_frame   0x0000029c       0xe8 build/default/debug/_ext/351848739/sys_devcon.o
 .debug_frame   0x00000384       0x28 build/default/debug/_ext/351848739/sys_devcon_pic32mx.o
 .debug_frame   0x000003ac       0x90 build/default/debug/_ext/474818461/sys_int_pic32.o
 .debug_frame   0x0000043c      0x1d0 build/default/debug/_ext/1139950406/sys_ports.o
 .debug_frame   0x0000060c       0xe8 build/default/debug/_ext/184327166/croutine.o
 .debug_frame   0x000006f4       0x60 build/default/debug/_ext/184327166/list.o
 .debug_frame   0x00000754      0x230 build/default/debug/_ext/184327166/queue.o
 .debug_frame   0x00000984      0x4d0 build/default/debug/_ext/184327166/tasks.o
 .debug_frame   0x00000e54      0x110 build/default/debug/_ext/184327166/timers.o
 .debug_frame   0x00000f64      0x108 build/default/debug/_ext/184327166/event_groups.o
 .debug_frame   0x0000106c       0x5c build/default/debug/_ext/1818123999/heap_1.o
 .debug_frame   0x000010c8       0xc0 build/default/debug/_ext/1062886388/port.o
 .debug_frame   0x00001188       0x38 build/default/debug/_ext/1345626252/drv_usart_static.o
 .debug_frame   0x000011c0       0x58 build/default/debug/_ext/639803181/sys_clk_static.o
 .debug_frame   0x00001218       0x20 build/default/debug/_ext/822048611/sys_ports_static.o
 .debug_frame   0x00001238       0x28 build/default/debug/_ext/1688732426/system_init.o
 .debug_frame   0x00001260       0x28 build/default/debug/_ext/1688732426/system_exceptions.o
 .debug_frame   0x00001288       0x58 build/default/debug/_ext/1688732426/system_tasks.o
 .debug_frame   0x000012e0       0x40 build/default/debug/_ext/1688732426/rtos_hooks.o
 .debug_frame   0x00001320       0x2c c:/program files (x86)/microchip/xc32/v1.40/bin/bin/../../lib/gcc/pic32mx/4.8.3/../../../../pic32mx/lib\libpic32.a(default-bootstrap-exception-handler.o)
 .debug_frame   0x0000134c       0x20 c:/program files (x86)/microchip/xc32/v1.40/bin/bin/../../lib/gcc/pic32mx/4.8.3/../../../../pic32mx/lib\libpic32.a(default-on-reset.o)
 .debug_frame   0x0000136c       0x20 c:/program files (x86)/microchip/xc32/v1.40/bin/bin/../../lib/gcc/pic32mx/4.8.3/../../../../pic32mx/lib\libpic32.a(default-on-bootstrap.o)
 .debug_frame   0x0000138c       0x20 c:/program files (x86)/microchip/xc32/v1.40/bin/bin/../../lib/gcc/pic32mx/4.8.3/../../../../pic32mx/lib\libpic32.a(defaultinterrupt.o)

.debug_str      0x00000000      0x6b7
 *(.debug_str)
 .debug_str     0x00000000        0x0 c:/program files (x86)/microchip/xc32/v1.40/bin/bin/../../lib/gcc/pic32mx/4.8.3/../../../../pic32mx/lib\software-debug-break.o
 .debug_str     0x00000000        0x0 build/default/debug/_ext/1360937237/app.o
 .debug_str     0x00000000        0x0 build/default/debug/_ext/1360937237/main.o
 .debug_str     0x00000000        0xe build/default/debug/_ext/1360937237/debug.o
 .debug_str     0x0000000e        0xa build/default/debug/_ext/1360937237/timer.o
 .debug_str     0x00000018       0x40 build/default/debug/_ext/1879384925/osal_freertos.o
 .debug_str     0x00000058       0x16 build/default/debug/_ext/351848739/sys_devcon.o
 .debug_str     0x0000006e        0x6 build/default/debug/_ext/351848739/sys_devcon_pic32mx.o
 .debug_str     0x00000074       0x2d build/default/debug/_ext/474818461/sys_int_pic32.o
 .debug_str     0x000000a1       0x98 build/default/debug/_ext/1139950406/sys_ports.o
 .debug_str     0x00000139       0x46 build/default/debug/_ext/184327166/croutine.o
 .debug_str     0x0000017f       0x2b build/default/debug/_ext/184327166/list.o
 .debug_str     0x000001aa       0xf1 build/default/debug/_ext/184327166/queue.o
 .debug_str     0x0000029b      0x174 build/default/debug/_ext/184327166/tasks.o
 .debug_str     0x0000040f       0xbf build/default/debug/_ext/184327166/timers.o
 .debug_str     0x000004ce       0xe6 build/default/debug/_ext/184327166/event_groups.o
 .debug_str     0x000005b4       0x1d build/default/debug/_ext/1818123999/heap_1.o
 .debug_str     0x000005d1       0x37 build/default/debug/_ext/1062886388/port.o
 .debug_str     0x00000608       0x55 build/default/debug/_ext/1345626252/drv_usart_static.o
 .debug_str     0x0000065d       0x39 build/default/debug/_ext/639803181/sys_clk_static.o
 .debug_str     0x00000696        0xd build/default/debug/_ext/822048611/sys_ports_static.o
 .debug_str     0x000006a3        0xb build/default/debug/_ext/1688732426/system_init.o
 .debug_str     0x000006ae        0x0 build/default/debug/_ext/1688732426/system_interrupt.o
 .debug_str     0x000006ae        0x0 build/default/debug/_ext/1688732426/system_exceptions.o
 .debug_str     0x000006ae        0x0 build/default/debug/_ext/1688732426/system_tasks.o
 .debug_str     0x000006ae        0x9 build/default/debug/_ext/1688732426/rtos_hooks.o
 .debug_str     0x000006b7        0x0 c:/program files (x86)/microchip/xc32/v1.40/bin/bin/../../lib/gcc/pic32mx/4.8.3/../../../../pic32mx/lib\libpic32.a(default-bootstrap-exception-handler.o)
 .debug_str     0x000006b7        0x0 c:/program files (x86)/microchip/xc32/v1.40/bin/bin/../../lib/gcc/pic32mx/4.8.3/../../../../pic32mx/lib\libpic32.a(default-on-reset.o)
 .debug_str     0x000006b7        0x0 c:/program files (x86)/microchip/xc32/v1.40/bin/bin/../../lib/gcc/pic32mx/4.8.3/../../../../pic32mx/lib\libpic32.a(default-on-bootstrap.o)
 .debug_str     0x000006b7        0x0 c:/program files (x86)/microchip/xc32/v1.40/bin/bin/../../lib/gcc/pic32mx/4.8.3/../../../../pic32mx/lib\libpic32.a(defaultinterrupt.o)

.debug_loc      0x00000000     0x5e0b
 *(.debug_loc)
 .debug_loc     0x00000000       0xa3 build/default/debug/_ext/1360937237/app.o
 .debug_loc     0x000000a3       0x20 build/default/debug/_ext/1360937237/main.o
 .debug_loc     0x000000c3      0x21b build/default/debug/_ext/1360937237/debug.o
 .debug_loc     0x000002de       0xd2 build/default/debug/_ext/1360937237/timer.o
 .debug_loc     0x000003b0      0x58c build/default/debug/_ext/1879384925/osal_freertos.o
 .debug_loc     0x0000093c      0x150 build/default/debug/_ext/351848739/sys_devcon.o
 .debug_loc     0x00000a8c      0x100 build/default/debug/_ext/351848739/sys_devcon_pic32mx.o
 .debug_loc     0x00000b8c      0x10d build/default/debug/_ext/474818461/sys_int_pic32.o
 .debug_loc     0x00000c99      0xee1 build/default/debug/_ext/1139950406/sys_ports.o
 .debug_loc     0x00001b7a      0x410 build/default/debug/_ext/184327166/croutine.o
 .debug_loc     0x00001f8a       0x31 build/default/debug/_ext/184327166/list.o
 .debug_loc     0x00001fbb      0xf5e build/default/debug/_ext/184327166/queue.o
 .debug_loc     0x00002f19     0x1926 build/default/debug/_ext/184327166/tasks.o
 .debug_loc     0x0000483f      0x7c7 build/default/debug/_ext/184327166/timers.o
 .debug_loc     0x00005006      0xa0a build/default/debug/_ext/184327166/event_groups.o
 .debug_loc     0x00005a10       0x69 build/default/debug/_ext/1818123999/heap_1.o
 .debug_loc     0x00005a79      0x1aa build/default/debug/_ext/1062886388/port.o
 .debug_loc     0x00005c23       0x46 build/default/debug/_ext/1345626252/drv_usart_static.o
 .debug_loc     0x00005c69       0x6d build/default/debug/_ext/639803181/sys_clk_static.o
 .debug_loc     0x00005cd6       0x41 build/default/debug/_ext/1688732426/system_init.o
 .debug_loc     0x00005d17       0x20 build/default/debug/_ext/1688732426/system_exceptions.o
 .debug_loc     0x00005d37       0x60 build/default/debug/_ext/1688732426/system_tasks.o
 .debug_loc     0x00005d97       0x74 build/default/debug/_ext/1688732426/rtos_hooks.o

.debug_macinfo
 *(.debug_macinfo)

.debug_weaknames
 *(.debug_weaknames)

.debug_funcnames
 *(.debug_funcnames)

.debug_typenames
 *(.debug_typenames)

.debug_varnames
 *(.debug_varnames)

.debug_pubtypes
 *(.debug_pubtypes)

.debug_ranges   0x00000000      0x928
 *(.debug_ranges)
 .debug_ranges  0x00000000       0x10 c:/program files (x86)/microchip/xc32/v1.40/bin/bin/../../lib/gcc/pic32mx/4.8.3/../../../../pic32mx/lib\software-debug-break.o
 .debug_ranges  0x00000010       0x20 build/default/debug/_ext/1360937237/app.o
 .debug_ranges  0x00000030       0x10 build/default/debug/_ext/1360937237/main.o
 .debug_ranges  0x00000040       0xe8 build/default/debug/_ext/1360937237/debug.o
 .debug_ranges  0x00000128       0x18 build/default/debug/_ext/1360937237/timer.o
 .debug_ranges  0x00000140       0x78 build/default/debug/_ext/1879384925/osal_freertos.o
 .debug_ranges  0x000001b8       0x68 build/default/debug/_ext/351848739/sys_devcon.o
 .debug_ranges  0x00000220       0x10 build/default/debug/_ext/351848739/sys_devcon_pic32mx.o
 .debug_ranges  0x00000230       0x50 build/default/debug/_ext/474818461/sys_int_pic32.o
 .debug_ranges  0x00000280       0xe8 build/default/debug/_ext/1139950406/sys_ports.o
 .debug_ranges  0x00000368       0x70 build/default/debug/_ext/184327166/croutine.o
 .debug_ranges  0x000003d8       0x30 build/default/debug/_ext/184327166/list.o
 .debug_ranges  0x00000408       0xa8 build/default/debug/_ext/184327166/queue.o
 .debug_ranges  0x000004b0      0x1a8 build/default/debug/_ext/184327166/tasks.o
 .debug_ranges  0x00000658       0xe0 build/default/debug/_ext/184327166/timers.o
 .debug_ranges  0x00000738       0x98 build/default/debug/_ext/184327166/event_groups.o
 .debug_ranges  0x000007d0       0x28 build/default/debug/_ext/1818123999/heap_1.o
 .debug_ranges  0x000007f8       0x48 build/default/debug/_ext/1062886388/port.o
 .debug_ranges  0x00000840       0x18 build/default/debug/_ext/1345626252/drv_usart_static.o
 .debug_ranges  0x00000858       0x28 build/default/debug/_ext/639803181/sys_clk_static.o
 .debug_ranges  0x00000880       0x10 build/default/debug/_ext/822048611/sys_ports_static.o
 .debug_ranges  0x00000890       0x10 build/default/debug/_ext/1688732426/system_init.o
 .debug_ranges  0x000008a0       0x10 build/default/debug/_ext/1688732426/system_exceptions.o
 .debug_ranges  0x000008b0       0x20 build/default/debug/_ext/1688732426/system_tasks.o
 .debug_ranges  0x000008d0       0x18 build/default/debug/_ext/1688732426/rtos_hooks.o
 .debug_ranges  0x000008e8       0x10 c:/program files (x86)/microchip/xc32/v1.40/bin/bin/../../lib/gcc/pic32mx/4.8.3/../../../../pic32mx/lib\libpic32.a(default-bootstrap-exception-handler.o)
 .debug_ranges  0x000008f8       0x10 c:/program files (x86)/microchip/xc32/v1.40/bin/bin/../../lib/gcc/pic32mx/4.8.3/../../../../pic32mx/lib\libpic32.a(default-on-reset.o)
 .debug_ranges  0x00000908       0x10 c:/program files (x86)/microchip/xc32/v1.40/bin/bin/../../lib/gcc/pic32mx/4.8.3/../../../../pic32mx/lib\libpic32.a(default-on-bootstrap.o)
 .debug_ranges  0x00000918       0x10 c:/program files (x86)/microchip/xc32/v1.40/bin/bin/../../lib/gcc/pic32mx/4.8.3/../../../../pic32mx/lib\libpic32.a(defaultinterrupt.o)

.gnu.attributes
                0x00000000       0x10
 *(.gnu.attributes)
 .gnu.attributes
                0x00000000       0x10 c:/program files (x86)/microchip/xc32/v1.40/bin/bin/../../lib/gcc/pic32mx/4.8.3/../../../../pic32mx/lib\software-debug-break.o
 .gnu.attributes
                0x00000010       0x10 build/default/debug/_ext/1360937237/app.o
 .gnu.attributes
                0x00000020       0x10 build/default/debug/_ext/1360937237/main.o
 .gnu.attributes
                0x00000030       0x10 build/default/debug/_ext/1360937237/debug.o
 .gnu.attributes
                0x00000040       0x10 build/default/debug/_ext/1360937237/timer.o
 .gnu.attributes
                0x00000050       0x10 build/default/debug/_ext/1879384925/osal_freertos.o
 .gnu.attributes
                0x00000060       0x10 build/default/debug/_ext/351848739/sys_devcon.o
 .gnu.attributes
                0x00000070       0x10 build/default/debug/_ext/351848739/sys_devcon_pic32mx.o
 .gnu.attributes
                0x00000080       0x10 build/default/debug/_ext/474818461/sys_int_pic32.o
 .gnu.attributes
                0x00000090       0x10 build/default/debug/_ext/1139950406/sys_ports.o
 .gnu.attributes
                0x000000a0       0x10 build/default/debug/_ext/184327166/croutine.o
 .gnu.attributes
                0x000000b0       0x10 build/default/debug/_ext/184327166/list.o
 .gnu.attributes
                0x000000c0       0x10 build/default/debug/_ext/184327166/queue.o
 .gnu.attributes
                0x000000d0       0x10 build/default/debug/_ext/184327166/tasks.o
 .gnu.attributes
                0x000000e0       0x10 build/default/debug/_ext/184327166/timers.o
 .gnu.attributes
                0x000000f0       0x10 build/default/debug/_ext/184327166/event_groups.o
 .gnu.attributes
                0x00000100       0x10 build/default/debug/_ext/1818123999/heap_1.o
 .gnu.attributes
                0x00000110       0x10 build/default/debug/_ext/1062886388/port.o
 .gnu.attributes
                0x00000120       0x10 build/default/debug/_ext/1345626252/drv_usart_static.o
 .gnu.attributes
                0x00000130       0x10 build/default/debug/_ext/639803181/sys_clk_static.o
 .gnu.attributes
                0x00000140       0x10 build/default/debug/_ext/822048611/sys_ports_static.o
 .gnu.attributes
                0x00000150       0x10 build/default/debug/_ext/1688732426/system_init.o
 .gnu.attributes
                0x00000160       0x10 build/default/debug/_ext/1688732426/system_interrupt.o
 .gnu.attributes
                0x00000170       0x10 build/default/debug/_ext/1688732426/system_exceptions.o
 .gnu.attributes
                0x00000180       0x10 build/default/debug/_ext/1688732426/system_tasks.o
 .gnu.attributes
                0x00000190       0x10 build/default/debug/_ext/1688732426/rtos_hooks.o
 .gnu.attributes
                0x000001a0       0x10 c:/program files (x86)/microchip/xc32/v1.40/bin/bin/../../lib/gcc/pic32mx/4.8.3/../../../../pic32mx/lib\libpic32.a(default-bootstrap-exception-handler.o)
 .gnu.attributes
                0x000001b0       0x10 c:/program files (x86)/microchip/xc32/v1.40/bin/bin/../../lib/gcc/pic32mx/4.8.3/../../../../pic32mx/lib\libpic32.a(default-on-reset.o)
 .gnu.attributes
                0x000001c0       0x10 c:/program files (x86)/microchip/xc32/v1.40/bin/bin/../../lib/gcc/pic32mx/4.8.3/../../../../pic32mx/lib\libpic32.a(default-on-bootstrap.o)
 .gnu.attributes
                0x000001d0       0x10 c:/program files (x86)/microchip/xc32/v1.40/bin/bin/../../lib/gcc/pic32mx/4.8.3/../../../../pic32mx/lib\libpic32.a(defaultinterrupt.o)
LOAD c:/program files (x86)/microchip/xc32/v1.40/bin/bin/../../lib/gcc/pic32mx/4.8.3\libgcc.a
START GROUP
LOAD c:/program files (x86)/microchip/xc32/v1.40/bin/bin/../../lib/gcc/pic32mx/4.8.3/../../../../pic32mx/lib\libpic32.a
LOAD c:/program files (x86)/microchip/xc32/v1.40/bin/bin/../../lib/gcc/pic32mx/4.8.3/../../../../pic32mx/lib\libdebug.a
LOAD c:/program files (x86)/microchip/xc32/v1.40/bin/bin/../../lib/gcc/pic32mx/4.8.3/../../../../pic32mx/lib\libpic32.a
LOAD c:/program files (x86)/microchip/xc32/v1.40/bin/bin/../../lib/gcc/pic32mx/4.8.3/../../../../pic32mx/lib\libm.a
LOAD c:/program files (x86)/microchip/xc32/v1.40/bin/bin/../../lib/gcc/pic32mx/4.8.3/../../../../pic32mx/lib\libe.a
LOAD c:/program files (x86)/microchip/xc32/v1.40/bin/bin/../../lib/gcc/pic32mx/4.8.3/../../../../pic32mx/lib\libdsp.a
LOAD c:/program files (x86)/microchip/xc32/v1.40/bin/bin/../../lib/gcc/pic32mx/4.8.3\libgcc.a
LOAD c:/program files (x86)/microchip/xc32/v1.40/bin/bin/../../lib/gcc/pic32mx/4.8.3/../../../../pic32mx/lib\libc.a
LOAD c:/program files (x86)/microchip/xc32/v1.40/bin/bin/../../lib/gcc/pic32mx/4.8.3/../../../../pic32mx/lib\libpic32.a
END GROUP
LOAD c:/program files (x86)/microchip/xc32/v1.40/bin/bin/../../lib/gcc/pic32mx/4.8.3\libgcc.a
OUTPUT(dist/default/debug/8Bit_robiny.X.debug.elf elf32-tradlittlemips)
LOAD stack
LOAD data_init

.reginfo        0x00000000       0x18
 .reginfo       0x00000000       0x18 c:/program files (x86)/microchip/xc32/v1.40/bin/bin/../../lib/gcc/pic32mx/4.8.3/../../../../pic32mx/lib/./proc/32MX795F512L/crt0_mips32r2.o

.stack          0xa0005a38      0x400
 .stack         0xa0005a38      0x400 stack

.bss            0xa0000364     0x5640
 .bss           0xa0000364     0x5000 build/default/debug/_ext/1818123999/heap_1.o
 .bss           0xa0005364      0x640 build/default/debug/_ext/1062886388/port.o
                0xa0005364                xISRStack

.data           0xa00059a4       0x4c
 .data          0xa00059a4       0x4c build/default/debug/_ext/1688732426/system_exceptions.o

.bss            0xa00059f0       0x28
 .bss           0xa00059f0       0x28 build/default/debug/_ext/184327166/timers.o

.text           0x9d000000      0x454
 .text          0x9d000000      0x454 build/default/debug/_ext/1062886388/port_asm.o
                0x9d000000                vPortTickInterruptHandler
                0x9d0001ac                vPortStartFirstTask
                0x9d000274                vPortYieldISR

.text.prvTimerTask
                0x9d000454      0x264
 .text.prvTimerTask
                0x9d000454      0x264 build/default/debug/_ext/184327166/timers.o

.text.xQueueGenericReceive
                0x9d0006b8      0x24c
 .text.xQueueGenericReceive
                0x9d0006b8      0x24c build/default/debug/_ext/184327166/queue.o
                0x9d0006b8                xQueueGenericReceive

.text.APP_Tasks
                0x9d000904      0x218
 .text.APP_Tasks
                0x9d000904      0x218 build/default/debug/_ext/1360937237/app.o
                0x9d000904                APP_Tasks

.text.xQueueGenericSend
                0x9d000b1c      0x208
 .text.xQueueGenericSend
                0x9d000b1c      0x208 build/default/debug/_ext/184327166/queue.o
                0x9d000b1c                xQueueGenericSend

.text.xTaskGenericCreate
                0x9d000d24      0x1c0
 .text.xTaskGenericCreate
                0x9d000d24      0x1c0 build/default/debug/_ext/184327166/tasks.o
                0x9d000d24                xTaskGenericCreate

.text.xTaskIncrementTick
                0x9d000ee4      0x168
 .text.xTaskIncrementTick
                0x9d000ee4      0x168 build/default/debug/_ext/184327166/tasks.o
                0x9d000ee4                xTaskIncrementTick

.text           0x9d00104c      0x168
 .text          0x9d00104c      0x168 c:/program files (x86)/microchip/xc32/v1.40/bin/bin/../../lib/gcc/pic32mx/4.8.3/../../../../pic32mx/lib\libpic32.a(memcpy.o)
                0x9d00104c                memcpy

.text.xTaskResumeAll
                0x9d0011b4      0x154
 .text.xTaskResumeAll
                0x9d0011b4      0x154 build/default/debug/_ext/184327166/tasks.o
                0x9d0011b4                xTaskResumeAll

.text.vTaskPriorityInherit
                0x9d001308      0x12c
 .text.vTaskPriorityInherit
                0x9d001308      0x12c build/default/debug/_ext/184327166/tasks.o
                0x9d001308                vTaskPriorityInherit

.text.vTaskSwitchContext
                0x9d001434      0x11c
 .text.vTaskSwitchContext
                0x9d001434      0x11c build/default/debug/_ext/184327166/tasks.o
                0x9d001434                vTaskSwitchContext

.text.prvUnlockQueue
                0x9d001550      0x104
 .text.prvUnlockQueue
                0x9d001550      0x104 build/default/debug/_ext/184327166/queue.o

.text.prvSampleTimeNow
                0x9d001654      0x104
 .text.prvSampleTimeNow
                0x9d001654      0x104 build/default/debug/_ext/184327166/timers.o

.dinit          0x9d001758      0x100
 .dinit         0x9d001758      0x100 data_init

.text.prvCopyDataToQueue
                0x9d001858       0xfc
 .text.prvCopyDataToQueue
                0x9d001858       0xfc build/default/debug/_ext/184327166/queue.o

.text.xTaskPriorityDisinherit
                0x9d001954       0xf8
 .text.xTaskPriorityDisinherit
                0x9d001954       0xf8 build/default/debug/_ext/184327166/tasks.o
                0x9d001954                xTaskPriorityDisinherit

.text.debugChar
                0x9d001a4c       0xec
 .text.debugChar
                0x9d001a4c       0xec build/default/debug/_ext/1360937237/debug.o
                0x9d001a4c                debugChar

.text.xQueueGenericSendFromISR
                0x9d001b38       0xe8
 .text.xQueueGenericSendFromISR
                0x9d001b38       0xe8 build/default/debug/_ext/184327166/queue.o
                0x9d001b38                xQueueGenericSendFromISR

.text.SYS_DEVCON_PerformanceConfig
                0x9d001c20       0xdc
 .text.SYS_DEVCON_PerformanceConfig
                0x9d001c20       0xdc build/default/debug/_ext/351848739/sys_devcon_pic32mx.o
                0x9d001c20                SYS_DEVCON_PerformanceConfig

.rodata         0x9d001cfc       0xdc
 .rodata        0x9d001cfc       0xdc build/default/debug/_ext/1688732426/system_exceptions.o

.text.general_exception
                0x9d001dd8       0xdc
 .text.general_exception
                0x9d001dd8       0xdc c:/program files (x86)/microchip/xc32/v1.40/bin/bin/../../lib/gcc/pic32mx/4.8.3/../../../../pic32mx/lib\libpic32.a(general-exception.o)
                0x9d001dd8                _general_exception_context

.text.xQueueGenericReset
                0x9d001eb4       0xc4
 .text.xQueueGenericReset
                0x9d001eb4       0xc4 build/default/debug/_ext/184327166/queue.o
                0x9d001eb4                xQueueGenericReset

.text.xTaskRemoveFromEventList
                0x9d001f78       0xbc
 .text.xTaskRemoveFromEventList
                0x9d001f78       0xbc build/default/debug/_ext/184327166/tasks.o
                0x9d001f78                xTaskRemoveFromEventList

.text.pvPortMalloc
                0x9d002034       0xb8
 .text.pvPortMalloc
                0x9d002034       0xb8 build/default/debug/_ext/1818123999/heap_1.o
                0x9d002034                pvPortMalloc

.text.prvInitialiseTCBVariables
                0x9d0020ec       0xb4
 .text.prvInitialiseTCBVariables
                0x9d0020ec       0xb4 build/default/debug/_ext/184327166/tasks.o
                0x9d0020ec                prvInitialiseTCBVariables

.text.DRV_USART0_Initialize
                0x9d0021a0       0xac
 .text.DRV_USART0_Initialize
                0x9d0021a0       0xac build/default/debug/_ext/1345626252/drv_usart_static.o
                0x9d0021a0                DRV_USART0_Initialize

.text           0x9d00224c       0xa8
 .text          0x9d00224c       0xa8 c:/program files (x86)/microchip/xc32/v1.40/bin/bin/../../lib/gcc/pic32mx/4.8.3/../../../../pic32mx/lib\libpic32.a(memset.o)
                0x9d00224c                memset

.text.xTaskCheckForTimeOut
                0x9d0022f4       0xa0
 .text.xTaskCheckForTimeOut
                0x9d0022f4       0xa0 build/default/debug/_ext/184327166/tasks.o
                0x9d0022f4                xTaskCheckForTimeOut

.text.xTimerCreate
                0x9d002394       0x98
 .text.xTimerCreate
                0x9d002394       0x98 build/default/debug/_ext/184327166/timers.o
                0x9d002394                xTimerCreate

.text           0x9d00242c       0x98
 .text          0x9d00242c       0x98 c:/program files (x86)/microchip/xc32/v1.40/bin/bin/../../lib/gcc/pic32mx/4.8.3/../../../../pic32mx/lib\libpic32.a(memcmp.o)
                0x9d00242c                memcmp

.text.xQueueGenericCreate
                0x9d0024c4       0x94
 .text.xQueueGenericCreate
                0x9d0024c4       0x94 build/default/debug/_ext/184327166/queue.o
                0x9d0024c4                xQueueGenericCreate

.text.vTaskPlaceOnEventList
                0x9d002558       0x94
 .text.vTaskPlaceOnEventList
                0x9d002558       0x94 build/default/debug/_ext/184327166/tasks.o
                0x9d002558                vTaskPlaceOnEventList

.text.xTimerGenericCommand
                0x9d0025ec       0x94
 .text.xTimerGenericCommand
                0x9d0025ec       0x94 build/default/debug/_ext/184327166/timers.o
                0x9d0025ec                xTimerGenericCommand

.text.vTaskDelay
                0x9d002680       0x90
 .text.vTaskDelay
                0x9d002680       0x90 build/default/debug/_ext/184327166/tasks.o
                0x9d002680                vTaskDelay

.text.vTaskStartScheduler
                0x9d002710       0x90
 .text.vTaskStartScheduler
                0x9d002710       0x90 build/default/debug/_ext/184327166/tasks.o
                0x9d002710                vTaskStartScheduler

.text.prvInitialiseTaskLists
                0x9d0027a0       0x90
 .text.prvInitialiseTaskLists
                0x9d0027a0       0x90 build/default/debug/_ext/184327166/tasks.o
                0x9d0027a0                prvInitialiseTaskLists

.text.prvCheckTasksWaitingTermination
                0x9d002830       0x90
 .text.prvCheckTasksWaitingTermination
                0x9d002830       0x90 build/default/debug/_ext/184327166/tasks.o
                0x9d002830                prvCheckTasksWaitingTermination

.text.prvAllocateTCBAndStack
                0x9d0028c0       0x84
 .text.prvAllocateTCBAndStack
                0x9d0028c0       0x84 build/default/debug/_ext/184327166/tasks.o
                0x9d0028c0                prvAllocateTCBAndStack

.text.SYS_Tasks
                0x9d002944       0x80
 .text.SYS_Tasks
                0x9d002944       0x80 build/default/debug/_ext/1688732426/system_tasks.o
                0x9d002944                SYS_Tasks

.text.SYS_CLK_Initialize
                0x9d0029c4       0x7c
 .text.SYS_CLK_Initialize
                0x9d0029c4       0x7c build/default/debug/_ext/639803181/sys_clk_static.o
                0x9d0029c4                SYS_CLK_Initialize

.text.theTimerInit
                0x9d002a40       0x78
 .text.theTimerInit
                0x9d002a40       0x78 build/default/debug/_ext/1360937237/timer.o
                0x9d002a40                theTimerInit

.text.vQueueWaitForMessageRestricted
                0x9d002ab8       0x74
 .text.vQueueWaitForMessageRestricted
                0x9d002ab8       0x74 build/default/debug/_ext/184327166/queue.o
                0x9d002ab8                vQueueWaitForMessageRestricted

.text.prvInsertTimerInActiveList
                0x9d002b2c       0x74
 .text.prvInsertTimerInActiveList
                0x9d002b2c       0x74 build/default/debug/_ext/184327166/timers.o

.text.prvCheckForValidListAndQueue
                0x9d002ba0       0x74
 .text.prvCheckForValidListAndQueue
                0x9d002ba0       0x74 build/default/debug/_ext/184327166/timers.o

.text.prvAddCurrentTaskToDelayedList
                0x9d002c14       0x70
 .text.prvAddCurrentTaskToDelayedList
                0x9d002c14       0x70 build/default/debug/_ext/184327166/tasks.o
                0x9d002c14                prvAddCurrentTaskToDelayedList

.text.vTaskPlaceOnEventListRestricted
                0x9d002c84       0x6c
 .text.vTaskPlaceOnEventListRestricted
                0x9d002c84       0x6c build/default/debug/_ext/184327166/tasks.o
                0x9d002c84                vTaskPlaceOnEventListRestricted

.text.vApplicationSetupTickTimerInterrupt
                0x9d002cf0       0x6c
 .text.vApplicationSetupTickTimerInterrupt
                0x9d002cf0       0x6c build/default/debug/_ext/1062886388/port.o
                0x9d002cf0                vApplicationSetupTickTimerInterrupt

.text.vTaskExitCritical
                0x9d002d5c       0x68
 .text.vTaskExitCritical
                0x9d002d5c       0x68 build/default/debug/_ext/184327166/tasks.o
                0x9d002d5c                vTaskExitCritical

.text.SYS_Initialize
                0x9d002dc4       0x64
 .text.SYS_Initialize
                0x9d002dc4       0x64 build/default/debug/_ext/1688732426/system_init.o
                0x9d002dc4                SYS_Initialize

.text.xTimerCreateTimerTask
                0x9d002e28       0x60
 .text.xTimerCreateTimerTask
                0x9d002e28       0x60 build/default/debug/_ext/184327166/timers.o
                0x9d002e28                xTimerCreateTimerTask

.text.vListInsert
                0x9d002e88       0x5c
 .text.vListInsert
                0x9d002e88       0x5c build/default/debug/_ext/184327166/list.o
                0x9d002e88                vListInsert

.text.xPortStartScheduler
                0x9d002ee4       0x5c
 .text.xPortStartScheduler
                0x9d002ee4       0x5c build/default/debug/_ext/1062886388/port.o
                0x9d002ee4                xPortStartScheduler

.text.SYS_DEVCON_SystemUnlock
                0x9d002f40       0x58
 .text.SYS_DEVCON_SystemUnlock
                0x9d002f40       0x58 build/default/debug/_ext/351848739/sys_devcon.o
                0x9d002f40                SYS_DEVCON_SystemUnlock

.text.main_entry
                0x9d002f98       0x54
 .text.main_entry
                0x9d002f98       0x54 c:/program files (x86)/microchip/xc32/v1.40/bin/bin/../../lib/gcc/pic32mx/4.8.3/../../../../pic32mx/lib/./proc/32MX795F512L/crt0_mips32r2.o
                0x9d002fcc                __crt0_exit

.text.debugU    0x9d002fec       0x54
 .text.debugU   0x9d002fec       0x54 build/default/debug/_ext/1360937237/debug.o
                0x9d002fec                debugU

.text.pxPortInitialiseStack
                0x9d003040       0x54
 .text.pxPortInitialiseStack
                0x9d003040       0x54 build/default/debug/_ext/1062886388/port.o
                0x9d003040                pxPortInitialiseStack

.text.vPortIncrementTick
                0x9d003094       0x54
 .text.vPortIncrementTick
                0x9d003094       0x54 build/default/debug/_ext/1062886388/port.o
                0x9d003094                vPortIncrementTick

.text.prvCopyDataFromQueue
                0x9d0030e8       0x50
 .text.prvCopyDataFromQueue
                0x9d0030e8       0x50 build/default/debug/_ext/184327166/queue.o

.text.vTaskEnterCritical
                0x9d003138       0x50
 .text.vTaskEnterCritical
                0x9d003138       0x50 build/default/debug/_ext/184327166/tasks.o
                0x9d003138                vTaskEnterCritical

.text.APP_Initialize
                0x9d003188       0x4c
 .text.APP_Initialize
                0x9d003188       0x4c build/default/debug/_ext/1360937237/app.o
                0x9d003188                APP_Initialize

.text.SYS_DEVCON_SystemLock
                0x9d0031d4       0x48
 .text.SYS_DEVCON_SystemLock
                0x9d0031d4       0x48 build/default/debug/_ext/351848739/sys_devcon.o
                0x9d0031d4                SYS_DEVCON_SystemLock

.text._bootstrap_exception_handler
                0x9d00321c       0x48
 .text._bootstrap_exception_handler
                0x9d00321c       0x48 c:/program files (x86)/microchip/xc32/v1.40/bin/bin/../../lib/gcc/pic32mx/4.8.3/../../../../pic32mx/lib\libpic32.a(default-bootstrap-exception-handler.o)
                0x9d00321c                _bootstrap_exception_handler

.vector_default
                0x9d003264       0x48
 .vector_default
                0x9d003264       0x48 c:/program files (x86)/microchip/xc32/v1.40/bin/bin/../../lib/gcc/pic32mx/4.8.3/../../../../pic32mx/lib\libpic32.a(defaultinterrupt.o)
                0x9d003264                _DefaultInterrupt

.text.uxListRemove
                0x9d0032ac       0x44
 .text.uxListRemove
                0x9d0032ac       0x44 build/default/debug/_ext/184327166/list.o
                0x9d0032ac                uxListRemove

.text._general_exception_handler
                0x9d0032f0       0x44
 .text._general_exception_handler
                0x9d0032f0       0x44 build/default/debug/_ext/1688732426/system_exceptions.o
                0x9d0032f0                _general_exception_handler

.text           0x9d003334       0x44
 .text          0x9d003334       0x44 c:/program files (x86)/microchip/xc32/v1.40/bin/bin/../../lib/gcc/pic32mx/4.8.3/../../../../pic32mx/lib\pic32_software_reset.o